Component: ARM Compiler 5.06 update 1 (build 61) Tool: armlink [4d35a8]

==============================================================================

Section Cross References

    startup_stm32f10x_hd.o(RESET) refers to startup_stm32f10x_hd.o(STACK) for __initial_sp
    startup_stm32f10x_hd.o(RESET) refers to startup_stm32f10x_hd.o(.text) for Reset_Handler
    startup_stm32f10x_hd.o(RESET) refers to stm32f10x_it.o(i.NMI_Handler) for NMI_Handler
    startup_stm32f10x_hd.o(RESET) refers to stm32f10x_it.o(i.HardFault_Handler) for HardFault_Handler
    startup_stm32f10x_hd.o(RESET) refers to stm32f10x_it.o(i.MemManage_Handler) for MemManage_Handler
    startup_stm32f10x_hd.o(RESET) refers to stm32f10x_it.o(i.BusFault_Handler) for BusFault_Handler
    startup_stm32f10x_hd.o(RESET) refers to stm32f10x_it.o(i.UsageFault_Handler) for UsageFault_Handler
    startup_stm32f10x_hd.o(RESET) refers to stm32f10x_it.o(i.SVC_Handler) for SVC_Handler
    startup_stm32f10x_hd.o(RESET) refers to stm32f10x_it.o(i.DebugMon_Handler) for DebugMon_Handler
    startup_stm32f10x_hd.o(RESET) refers to stm32f10x_it.o(i.PendSV_Handler) for PendSV_Handler
    startup_stm32f10x_hd.o(RESET) refers to stm32f10x_it.o(i.SysTick_Handler) for SysTick_Handler
    startup_stm32f10x_hd.o(RESET) refers to stm32f10x_it.o(i.TIM2_IRQHandler) for TIM2_IRQHandler
    startup_stm32f10x_hd.o(RESET) refers to stm32f10x_it.o(i.USART1_IRQHandler) for USART1_IRQHandler
    startup_stm32f10x_hd.o(RESET) refers to stm32f10x_it.o(i.USART2_IRQHandler) for USART2_IRQHandler
    startup_stm32f10x_hd.o(.text) refers to system_stm32f10x.o(i.SystemInit) for SystemInit
    startup_stm32f10x_hd.o(.text) refers to entry.o(.ARM.Collect$$$$00000000) for __main
    system_stm32f10x.o(i.SetSysClock) refers to system_stm32f10x.o(i.SetSysClockTo24) for SetSysClockTo24
    system_stm32f10x.o(i.SystemCoreClockUpdate) refers to system_stm32f10x.o(.data) for SystemCoreClock
    system_stm32f10x.o(i.SystemInit) refers to system_stm32f10x.o(i.SetSysClock) for SetSysClock
    stm32f10x_adc.o(i.ADC_DeInit) refers to stm32f10x_rcc.o(i.RCC_APB2PeriphResetCmd) for RCC_APB2PeriphResetCmd
    stm32f10x_bkp.o(i.BKP_DeInit) refers to stm32f10x_rcc.o(i.RCC_BackupResetCmd) for RCC_BackupResetCmd
    stm32f10x_can.o(i.CAN_DeInit) refers to stm32f10x_rcc.o(i.RCC_APB1PeriphResetCmd) for RCC_APB1PeriphResetCmd
    stm32f10x_can.o(i.CAN_GetITStatus) refers to stm32f10x_can.o(i.CheckITStatus) for CheckITStatus
    stm32f10x_cec.o(i.CEC_DeInit) refers to stm32f10x_rcc.o(i.RCC_APB1PeriphResetCmd) for RCC_APB1PeriphResetCmd
    stm32f10x_dac.o(i.DAC_DeInit) refers to stm32f10x_rcc.o(i.RCC_APB1PeriphResetCmd) for RCC_APB1PeriphResetCmd
    stm32f10x_flash.o(i.FLASH_EnableWriteProtection) refers to stm32f10x_flash.o(i.FLASH_WaitForLastOperation) for FLASH_WaitForLastOperation
    stm32f10x_flash.o(i.FLASH_EraseAllBank1Pages) refers to stm32f10x_flash.o(i.FLASH_WaitForLastBank1Operation) for FLASH_WaitForLastBank1Operation
    stm32f10x_flash.o(i.FLASH_EraseAllPages) refers to stm32f10x_flash.o(i.FLASH_WaitForLastOperation) for FLASH_WaitForLastOperation
    stm32f10x_flash.o(i.FLASH_EraseOptionBytes) refers to stm32f10x_flash.o(i.FLASH_GetReadOutProtectionStatus) for FLASH_GetReadOutProtectionStatus
    stm32f10x_flash.o(i.FLASH_EraseOptionBytes) refers to stm32f10x_flash.o(i.FLASH_WaitForLastOperation) for FLASH_WaitForLastOperation
    stm32f10x_flash.o(i.FLASH_ErasePage) refers to stm32f10x_flash.o(i.FLASH_WaitForLastOperation) for FLASH_WaitForLastOperation
    stm32f10x_flash.o(i.FLASH_ProgramHalfWord) refers to stm32f10x_flash.o(i.FLASH_WaitForLastOperation) for FLASH_WaitForLastOperation
    stm32f10x_flash.o(i.FLASH_ProgramOptionByteData) refers to stm32f10x_flash.o(i.FLASH_WaitForLastOperation) for FLASH_WaitForLastOperation
    stm32f10x_flash.o(i.FLASH_ProgramWord) refers to stm32f10x_flash.o(i.FLASH_WaitForLastOperation) for FLASH_WaitForLastOperation
    stm32f10x_flash.o(i.FLASH_ReadOutProtection) refers to stm32f10x_flash.o(i.FLASH_WaitForLastOperation) for FLASH_WaitForLastOperation
    stm32f10x_flash.o(i.FLASH_UserOptionByteConfig) refers to stm32f10x_flash.o(i.FLASH_WaitForLastOperation) for FLASH_WaitForLastOperation
    stm32f10x_flash.o(i.FLASH_WaitForLastBank1Operation) refers to stm32f10x_flash.o(i.FLASH_GetBank1Status) for FLASH_GetBank1Status
    stm32f10x_flash.o(i.FLASH_WaitForLastOperation) refers to stm32f10x_flash.o(i.FLASH_GetBank1Status) for FLASH_GetBank1Status
    stm32f10x_gpio.o(i.GPIO_AFIODeInit) refers to stm32f10x_rcc.o(i.RCC_APB2PeriphResetCmd) for RCC_APB2PeriphResetCmd
    stm32f10x_gpio.o(i.GPIO_DeInit) refers to stm32f10x_rcc.o(i.RCC_APB2PeriphResetCmd) for RCC_APB2PeriphResetCmd
    stm32f10x_i2c.o(i.I2C_DeInit) refers to stm32f10x_rcc.o(i.RCC_APB1PeriphResetCmd) for RCC_APB1PeriphResetCmd
    stm32f10x_i2c.o(i.I2C_Init) refers to stm32f10x_rcc.o(i.RCC_GetClocksFreq) for RCC_GetClocksFreq
[...]
    main.o(i.serial_int1_send) refers to main.o(.bss) for wifi_send_packet_buf_pub
    main.o(i.serial_int1_send) refers to stm32f10x_it.o(.data) for time_tick_cnt2
    main.o(i.txd1_buffer_send) refers to bsp_led.o(i.delay_ms) for delay_ms
    main.o(i.txd1_buffer_send) refers to stm32f10x_usart.o(i.USART_ITConfig) for USART_ITConfig
    main.o(i.txd1_buffer_send) refers to main.o(.data) for txd1_buff_cFlag
    main.o(i.uart2_init) refers to api.o(i.BSP_USART2_Init) for BSP_USART2_Init
    main.o(i.uart2_init) refers to api.o(i.APP_USART2_Baudrate) for APP_USART2_Baudrate
    main.o(i.uart2_init) refers to stm32f10x_usart.o(i.USART_ITConfig) for USART_ITConfig
    main.o(i.uart2_init) refers to stm32f10x_usart.o(i.USART_Cmd) for USART_Cmd
    main.o(i.wifi_send_packet_data) refers to main.o(i.txd1_buffer_send) for txd1_buffer_send
    main.o(i.wifi_send_packet_data) refers to main.o(.bss) for wifi_send_packet_buf_pub
    main.o(i.wifi_send_packet_data) refers to main.o(.data) for cmd_send_lenth
    stm32f10x_it.o(i.TIM2_IRQHandler) refers to stm32f10x_tim.o(i.TIM_GetITStatus) for TIM_GetITStatus
    stm32f10x_it.o(i.TIM2_IRQHandler) refers to stm32f10x_tim.o(i.TIM_ClearITPendingBit) for TIM_ClearITPendingBit
    stm32f10x_it.o(i.TIM2_IRQHandler) refers to bsp_led.o(.data) for time
    stm32f10x_it.o(i.TIM2_IRQHandler) refers to stm32f10x_it.o(.data) for time_tick_cnt
    stm32f10x_it.o(i.USART1_IRQHandler) refers to api.o(i.APP_USART1_IRQHandler) for APP_USART1_IRQHandler
    stm32f10x_it.o(i.USART2_IRQHandler) refers to api.o(i.APP_USART2_IRQHandler) for APP_USART2_IRQHandler
    bsp_led.o(i.ESD_onoff) refers to main.o(.bss) for device_work_data
    bsp_led.o(i.HT1621_GPIO_Config) refers to stm32f10x_rcc.o(i.RCC_APB2PeriphClockCmd) for RCC_APB2PeriphClockCmd
    bsp_led.o(i.HT1621_GPIO_Config) refers to stm32f10x_gpio.o(i.GPIO_Init) for GPIO_Init
    bsp_led.o(i.HT1621_GPIO_Config) refers to stm32f10x_gpio.o(i.GPIO_SetBits) for GPIO_SetBits
    bsp_led.o(i.HT1621_GPIO_Config) refers to bsp_led.o(i.delay_ms) for delay_ms
    bsp_led.o(i.HT1621_GPIO_Config) refers to bsp_led.o(i.Ht1621WrCmd) for Ht1621WrCmd
    bsp_led.o(i.Ht1621Display) refers to bsp_led.o(i.Ht1621_on_disp) for Ht1621_on_disp
    bsp_led.o(i.Ht1621Display) refers to bsp_led.o(i.Ht1621DisplayState) for Ht1621DisplayState
    bsp_led.o(i.Ht1621Display) refers to bsp_led.o(.bss) for Ht1621Tab3
    bsp_led.o(i.Ht1621Display) refers to bsp_led.o(.data) for DIS_BUF
    bsp_led.o(i.Ht1621DisplayState) refers to bsp_led.o(i.Ht1621WrOneData) for Ht1621WrOneData
    bsp_led.o(i.Ht1621DisplayState) refers to bsp_led.o(.bss) for Ht1621Tab2
    bsp_led.o(i.Ht1621DisplayState) refers to bsp_led.o(.constdata) for Ht1621Tab1
    bsp_led.o(i.Ht1621WrAllData) refers to stm32f10x_gpio.o(i.GPIO_ResetBits) for GPIO_ResetBits
    bsp_led.o(i.Ht1621WrAllData) refers to bsp_led.o(i.Ht1621Wr_Data) for Ht1621Wr_Data
    bsp_led.o(i.Ht1621WrAllData) refers to stm32f10x_gpio.o(i.GPIO_SetBits) for GPIO_SetBits
    bsp_led.o(i.Ht1621WrAllData) refers to bsp_led.o(i.delay_us) for delay_us
    bsp_led.o(i.Ht1621WrCmd) refers to stm32f10x_gpio.o(i.GPIO_ResetBits) for GPIO_ResetBits
    bsp_led.o(i.Ht1621WrCmd) refers to bsp_led.o(i.delay_us) for delay_us
    bsp_led.o(i.Ht1621WrCmd) refers to bsp_led.o(i.Ht1621Wr_Data) for Ht1621Wr_Data
    bsp_led.o(i.Ht1621WrCmd) refers to stm32f10x_gpio.o(i.GPIO_SetBits) for GPIO_SetBits
    bsp_led.o(i.Ht1621WrOneData) refers to stm32f10x_gpio.o(i.GPIO_ResetBits) for GPIO_ResetBits
    bsp_led.o(i.Ht1621WrOneData) refers to bsp_led.o(i.Ht1621Wr_Data) for Ht1621Wr_Data
    bsp_led.o(i.Ht1621WrOneData) refers to stm32f10x_gpio.o(i.GPIO_SetBits) for GPIO_SetBits
    bsp_led.o(i.Ht1621WrOneData) refers to bsp_led.o(i.delay_us) for delay_us
    bsp_led.o(i.Ht1621Wr_Data) refers to stm32f10x_gpio.o(i.GPIO_ResetBits) for GPIO_ResetBits
    bsp_led.o(i.Ht1621Wr_Data) refers to stm32f10x_gpio.o(i.GPIO_SetBits) for GPIO_SetBits
    bsp_led.o(i.Ht1621Wr_Data) refers to bsp_led.o(i.delay_us) for delay_us
    bsp_led.o(i.Ht1621_BL) refers to stm32f10x_gpio.o(i.GPIO_ResetBits) for GPIO_ResetBits
    bsp_led.o(i.Ht1621_BL) refers to stm32f10x_gpio.o(i.GPIO_SetBits) for GPIO_SetBits
    bsp_led.o(i.Ht1621_BL) refers to bsp_led.o(.data) for time
    bsp_led.o(i.Ht1621_clrbuf) refers to bsp_led.o(.bss) for Ht1621Tab2
    bsp_led.o(i.Ht1621_cls) refers to bsp_led.o(i.Ht1621WrAllData) for Ht1621WrAllData
    bsp_led.o(i.Ht1621_cls) refers to bsp_led.o(.bss) for Ht1621Tab
    bsp_led.o(i.Ht1621_off_disp) refers to bsp_led.o(.bss) for Ht1621Tab2
    bsp_led.o(i.Ht1621_on_disp) refers to bsp_led.o(.bss) for Ht1621Tab2
    bsp_led.o(i.Key_Scan) refers to stm32f10x_gpio.o(i.GPIO_ReadInputDataBit) for GPIO_ReadInputDataBit
    bsp_led.o(i.Key_Scan) refers to bsp_led.o(i.delay_ms) for delay_ms
    bsp_led.o(i.Key_Scan) refers to bsp_led.o(i.ESD_onoff) for ESD_onoff
    bsp_led.o(i.Key_Scan) refers to bsp_led.o(i.PHT_onoff) for PHT_onoff
    bsp_led.o(i.Key_Scan) refers to bsp_led.o(i.workspeed_onoff) for workspeed_onoff
    bsp_led.o(i.Key_Scan) refers to main.o(.bss) for device_work_data
    bsp_led.o(i.Key_Scan) refers to bsp_led.o(.data) for key4
    bsp_led.o(i.Key_Scan) refers to bsp_led.o(.bss) for Ht1621Tab3
    bsp_led.o(i.MainSwitch) refers to bsp_led.o(i.Ht1621_off_disp) for Ht1621_off_disp
    bsp_led.o(i.MainSwitch) refers to bsp_led.o(i.Ht1621_on_disp) for Ht1621_on_disp
    bsp_led.o(i.MainSwitch) refers to main.o(i.reset_wifi) for reset_wifi
    bsp_led.o(i.MainSwitch) refers to main.o(.bss) for device_work_data
    bsp_led.o(i.PHT_onoff) refers to main.o(.bss) for device_work_data
    bsp_led.o(i.PollingKey) refers to stm32f10x_gpio.o(i.GPIO_ReadInputDataBit) for GPIO_ReadInputDataBit
    bsp_led.o(i.PollingKey) refers to bsp_led.o(i.MainSwitch) for MainSwitch
    bsp_led.o(i.PollingKey) refers to bsp_led.o(i.Ht1621_off_disp) for Ht1621_off_disp
    bsp_led.o(i.PollingKey) refers to bsp_led.o(i.Ht1621_on_disp) for Ht1621_on_disp
    bsp_led.o(i.PollingKey) refers to bsp_led.o(i.delay_us) for delay_us
    bsp_led.o(i.PollingKey) refers to main.o(.bss) for device_work_data
    bsp_led.o(i.PollingKey) refers to bsp_led.o(.data) for KeyStep
    bsp_led.o(i.PollingKey1) refers to stm32f10x_gpio.o(i.GPIO_ReadInputDataBit) for GPIO_ReadInputDataBit
    bsp_led.o(i.PollingKey1) refers to bsp_led.o(i.MainSwitch) for MainSwitch
    bsp_led.o(i.PollingKey1) refers to bsp_led.o(i.delay_us) for delay_us
    bsp_led.o(i.PollingKey1) refers to bsp_led.o(.data) for KeyStep
    bsp_led.o(i.PollingKey1) refers to main.o(.bss) for device_work_data
    bsp_led.o(i.device_work_mode_check) refers to bsp_led.o(i.Ht1621_off_disp) for Ht1621_off_disp
    bsp_led.o(i.device_work_mode_check) refers to bsp_led.o(i.Ht1621_on_disp) for Ht1621_on_disp
    bsp_led.o(i.device_work_mode_check) refers to main.o(.bss) for device_work_data
    bsp_led.o(i.device_work_mode_check) refers to bsp_led.o(.data) for key4
    bsp_led.o(i.onoff_Scan) refers to bsp_led.o(i.pin6_Scan) for pin6_Scan
    bsp_led.o(i.onoff_Scan) refers to bsp_led.o(i.Ht1621_BL) for Ht1621_BL
    bsp_led.o(i.onoff_Scan) refers to stm32f10x_gpio.o(i.GPIO_ResetBits) for GPIO_ResetBits
    bsp_led.o(i.onoff_Scan) refers to bsp_led.o(i.Ht1621Display) for Ht1621Display
    bsp_led.o(i.onoff_Scan) refers to stm32f10x_gpio.o(i.GPIO_SetBits) for GPIO_SetBits
    bsp_led.o(i.onoff_Scan) refers to bsp_led.o(i.Ht1621_cls) for Ht1621_cls
    bsp_led.o(i.onoff_Scan) refers to main.o(.bss) for device_work_data
    bsp_led.o(i.onoff_device_set) refers to bsp_led.o(i.pin0_Scan) for pin0_Scan
    bsp_led.o(i.onoff_device_set) refers to bsp_led.o(i.pin1_Scan) for pin1_Scan
    bsp_led.o(i.onoff_device_set) refers to bsp_led.o(i.pin6_Scan) for pin6_Scan
    bsp_led.o(i.onoff_device_set) refers to bsp_led.o(i.Ht1621_BL) for Ht1621_BL
    bsp_led.o(i.onoff_device_set) refers to bsp_led.o(i.Ht1621Display) for Ht1621Display
    bsp_led.o(i.onoff_device_set) refers to stm32f10x_gpio.o(i.GPIO_ResetBits) for GPIO_ResetBits
    bsp_led.o(i.onoff_device_set) refers to stm32f10x_gpio.o(i.GPIO_SetBits) for GPIO_SetBits
    bsp_led.o(i.onoff_device_set) refers to bsp_led.o(i.Ht1621_cls) for Ht1621_cls
    bsp_led.o(i.onoff_device_set) refers to bsp_led.o(.data) for time
    bsp_led.o(i.onoff_device_set) refers to main.o(.bss) for device_work_data
    bsp_led.o(i.onoff_device_set) refers to bsp_led.o(.bss) for Ht1621Tab3
    bsp_led.o(i.pin0_Scan) refers to bsp_led.o(i.Ht1621_on_disp) for Ht1621_on_disp
    bsp_led.o(i.pin1_Scan) refers to bsp_led.o(i.Ht1621_on_disp) for Ht1621_on_disp
    bsp_led.o(i.pin6_Scan) refers to bsp_led.o(i.Ht1621_on_disp) for Ht1621_on_disp
    bsp_led.o(i.pin6_Scan) refers to bsp_led.o(i.Ht1621_off_disp) for Ht1621_off_disp
    bsp_led.o(i.pin6_Scan) refers to main.o(.bss) for device_work_data
    bsp_led.o(i.power_onoff) refers to main.o(.bss) for device_work_data
    bsp_led.o(i.workspeed_onoff) refers to bsp_led.o(.data) for key4
    bsp_led.o(i.workspeed_onoff) refers to main.o(.bss) for device_work_data
    bsp_timbase.o(i.TIMx_Configuration) refers to stm32f10x_rcc.o(i.RCC_APB1PeriphClockCmd) for RCC_APB1PeriphClockCmd
    bsp_timbase.o(i.TIMx_Configuration) refers to stm32f10x_tim.o(i.TIM_TimeBaseInit) for TIM_TimeBaseInit
    bsp_timbase.o(i.TIMx_Configuration) refers to stm32f10x_tim.o(i.TIM_ClearFlag) for TIM_ClearFlag
    bsp_timbase.o(i.TIMx_Configuration) refers to stm32f10x_tim.o(i.TIM_ITConfig) for TIM_ITConfig
    bsp_timbase.o(i.TIMx_Configuration) refers to stm32f10x_tim.o(i.TIM_Cmd) for TIM_Cmd
    bsp_timbase.o(i.TIMx_NVIC_Configuration) refers to misc.o(i.NVIC_PriorityGroupConfig) for NVIC_PriorityGroupConfig
    bsp_timbase.o(i.TIMx_NVIC_Configuration) refers to misc.o(i.NVIC_Init) for NVIC_Init
    api.o(i.APP_USART1_Baudrate) refers to stm32f10x_usart.o(i.USART_ClockInit) for USART_ClockInit
    api.o(i.APP_USART1_Baudrate) refers to stm32f10x_usart.o(i.USART_Init) for USART_Init
    api.o(i.APP_USART1_IRQHandler) refers to stm32f10x_usart.o(i.USART_GetITStatus) for USART_GetITStatus
    api.o(i.APP_USART2_Baudrate) refers to api.o(i.BSP_USART2_Init) for BSP_USART2_Init
    api.o(i.APP_USART2_Baudrate) refers to stm32f10x_usart.o(i.USART_Init) for USART_Init
    api.o(i.APP_USART2_IRQHandler) refers to stm32f10x_usart.o(i.USART_GetITStatus) for USART_GetITStatus
    api.o(i.APP_USART2_IRQHandler) refers to stm32f10x_usart.o(i.USART_GetFlagStatus) for USART_GetFlagStatus
    api.o(i.APP_USART2_IRQHandler) refers to stm32f10x_usart.o(i.USART_ReceiveData) for USART_ReceiveData
    api.o(i.APP_USART2_IRQHandler) refers to main.o(i.serial_int1_receive) for serial_int1_receive
    api.o(i.APP_USART2_IRQHandler) refers to main.o(i.serial_int1_send) for serial_int1_send
    api.o(i.BSP_USART2_Init) refers to stm32f10x_rcc.o(i.RCC_APB2PeriphClockCmd) for RCC_APB2PeriphClockCmd
    api.o(i.BSP_USART2_Init) refers to stm32f10x_rcc.o(i.RCC_APB1PeriphClockCmd) for RCC_APB1PeriphClockCmd
    api.o(i.BSP_USART2_Init) refers to misc.o(i.NVIC_Init) for NVIC_Init
    api.o(i.BSP_USART2_Init) refers to stm32f10x_gpio.o(i.GPIO_Init) for GPIO_Init
    api.o(i.BSP_USART2_Init) refers to stm32f10x_gpio.o(i.GPIO_ResetBits) for GPIO_ResetBits
    api.o(i.fputc) refers to stm32f10x_usart.o(i.USART_SendData) for USART_SendData
    api.o(i.fputc) refers to stm32f10x_usart.o(i.USART_GetFlagStatus) for USART_GetFlagStatus
    entry.o(.ARM.Collect$$$$00000000) refers (Special) to entry10a.o(.ARM.Collect$$$$0000000D) for __rt_final_cpp
    entry.o(.ARM.Collect$$$$00000000) refers (Special) to entry11a.o(.ARM.Collect$$$$0000000F) for __rt_final_exit
    entry.o(.ARM.Collect$$$$00000000) refers (Special) to entry7b.o(.ARM.Collect$$$$00000008) for _main_clock
    entry.o(.ARM.Collect$$$$00000000) refers (Special) to entry8b.o(.ARM.Collect$$$$0000000A) for _main_cpp_init
    entry.o(.ARM.Collect$$$$00000000) refers (Special) to entry9a.o(.ARM.Collect$$$$0000000B) for _main_init
    entry.o(.ARM.Collect$$$$00000000) refers (Special) to entry5.o(.ARM.Collect$$$$00000004) for _main_scatterload
    entry.o(.ARM.Collect$$$$00000000) refers (Special) to entry2.o(.ARM.Collect$$$$00000001) for _main_stk
    entry2.o(.ARM.Collect$$$$00000001) refers to entry2.o(.ARM.Collect$$$$00002712) for __lit__00000000
    entry2.o(.ARM.Collect$$$$00002712) refers to startup_stm32f10x_hd.o(STACK) for __initial_sp
    entry2.o(__vectab_stack_and_reset_area) refers to startup_stm32f10x_hd.o(STACK) for __initial_sp
    entry2.o(__vectab_stack_and_reset_area) refers to entry.o(.ARM.Collect$$$$00000000) for __main
    entry5.o(.ARM.Collect$$$$00000004) refers to init.o(.text) for __scatterload
    entry9a.o(.ARM.Collect$$$$0000000B) refers to main.o(i.main) for main
    entry9b.o(.ARM.Collect$$$$0000000C) refers to main.o(i.main) for main
    init.o(.text) refers to entry5.o(.ARM.Collect$$$$00000004) for __main_after_scatterload


==============================================================================

Removing Unused input sections from the image.

    Removing startup_stm32f10x_hd.o(HEAP), (512 bytes).
    Removing core_cm3.o(.emb_text), (32 bytes).
    Removing system_stm32f10x.o(i.SystemCoreClockUpdate), (164 bytes).
    Removing system_stm32f10x.o(.data), (20 bytes).
    Removing misc.o(i.NVIC_SetVectorTable), (20 bytes).
    Removing misc.o(i.NVIC_SystemLPConfig), (32 bytes).
    Removing misc.o(i.SysTick_CLKSourceConfig), (40 bytes).
    Removing stm32f10x_adc.o(i.ADC_AnalogWatchdogCmd), (20 bytes).
    Removing stm32f10x_adc.o(i.ADC_AnalogWatchdogSingleChannelConfig), (16 bytes).
    Removing stm32f10x_adc.o(i.ADC_AnalogWatchdogThresholdsConfig), (6 bytes).
    Removing stm32f10x_adc.o(i.ADC_AutoInjectedConvCmd), (22 bytes).
    Removing stm32f10x_adc.o(i.ADC_ClearFlag), (6 bytes).
    Removing stm32f10x_adc.o(i.ADC_ClearITPendingBit), (10 bytes).
    Removing stm32f10x_adc.o(i.ADC_Cmd), (22 bytes).
    Removing stm32f10x_adc.o(i.ADC_DMACmd), (22 bytes).
    Removing stm32f10x_adc.o(i.ADC_DeInit), (92 bytes).
    Removing stm32f10x_adc.o(i.ADC_DiscModeChannelCountConfig), (24 bytes).
    Removing stm32f10x_adc.o(i.ADC_DiscModeCmd), (22 bytes).
    Removing stm32f10x_adc.o(i.ADC_ExternalTrigConvCmd), (22 bytes).
    Removing stm32f10x_adc.o(i.ADC_ExternalTrigInjectedConvCmd), (22 bytes).
    Removing stm32f10x_adc.o(i.ADC_ExternalTrigInjectedConvConfig), (16 bytes).
    Removing stm32f10x_adc.o(i.ADC_GetCalibrationStatus), (20 bytes).
    Removing stm32f10x_adc.o(i.ADC_GetConversionValue), (8 bytes).
    Removing stm32f10x_adc.o(i.ADC_GetDualModeConversionValue), (12 bytes).
    Removing stm32f10x_adc.o(i.ADC_GetFlagStatus), (18 bytes).
    Removing stm32f10x_adc.o(i.ADC_GetITStatus), (36 bytes).
    Removing stm32f10x_adc.o(i.ADC_GetInjectedConversionValue), (28 bytes).
    Removing stm32f10x_adc.o(i.ADC_GetResetCalibrationStatus), (20 bytes).
    Removing stm32f10x_adc.o(i.ADC_GetSoftwareStartConvStatus), (20 bytes).
    Removing stm32f10x_adc.o(i.ADC_GetSoftwareStartInjectedConvCmdStatus), (20 bytes).
    Removing stm32f10x_adc.o(i.ADC_ITConfig), (24 bytes).
    Removing stm32f10x_adc.o(i.ADC_Init), (80 bytes).
    Removing stm32f10x_adc.o(i.ADC_InjectedChannelConfig), (130 bytes).
    Removing stm32f10x_adc.o(i.ADC_InjectedDiscModeCmd), (22 bytes).
    Removing stm32f10x_adc.o(i.ADC_InjectedSequencerLengthConfig), (24 bytes).
    Removing stm32f10x_adc.o(i.ADC_RegularChannelConfig), (184 bytes).
    Removing stm32f10x_adc.o(i.ADC_ResetCalibration), (10 bytes).
    Removing stm32f10x_adc.o(i.ADC_SetInjectedOffset), (20 bytes).
    Removing stm32f10x_adc.o(i.ADC_SoftwareStartConvCmd), (22 bytes).
    Removing stm32f10x_adc.o(i.ADC_SoftwareStartInjectedConvCmd), (22 bytes).
    Removing stm32f10x_adc.o(i.ADC_StartCalibration), (10 bytes).
    Removing stm32f10x_adc.o(i.ADC_StructInit), (18 bytes).
    Removing stm32f10x_adc.o(i.ADC_TempSensorVrefintCmd), (36 bytes).
    Removing stm32f10x_bkp.o(i.BKP_ClearFlag), (20 bytes).
    Removing stm32f10x_bkp.o(i.BKP_ClearITPendingBit), (20 bytes).
    Removing stm32f10x_bkp.o(i.BKP_DeInit), (16 bytes).
    Removing stm32f10x_bkp.o(i.BKP_GetFlagStatus), (12 bytes).
    Removing stm32f10x_bkp.o(i.BKP_GetITStatus), (12 bytes).
    Removing stm32f10x_bkp.o(i.BKP_ITConfig), (12 bytes).
    Removing stm32f10x_bkp.o(i.BKP_RTCOutputConfig), (28 bytes).
    Removing stm32f10x_bkp.o(i.BKP_ReadBackupRegister), (28 bytes).
    Removing stm32f10x_bkp.o(i.BKP_SetRTCCalibrationValue), (28 bytes).
    Removing stm32f10x_bkp.o(i.BKP_TamperPinCmd), (12 bytes).
    Removing stm32f10x_bkp.o(i.BKP_TamperPinLevelConfig), (12 bytes).
    Removing stm32f10x_bkp.o(i.BKP_WriteBackupRegister), (28 bytes).
    Removing stm32f10x_can.o(i.CAN_CancelTransmit), (48 bytes).
    Removing stm32f10x_can.o(i.CAN_ClearFlag), (56 bytes).
    Removing stm32f10x_can.o(i.CAN_ClearITPendingBit), (168 bytes).
    Removing stm32f10x_can.o(i.CAN_DBGFreeze), (22 bytes).
    Removing stm32f10x_can.o(i.CAN_DeInit), (56 bytes).
    Removing stm32f10x_can.o(i.CAN_FIFORelease), (22 bytes).
    Removing stm32f10x_can.o(i.CAN_FilterInit), (264 bytes).
    Removing stm32f10x_can.o(i.CAN_GetFlagStatus), (120 bytes).
    Removing stm32f10x_can.o(i.CAN_GetITStatus), (288 bytes).
    Removing stm32f10x_can.o(i.CAN_GetLSBTransmitErrorCounter), (12 bytes).
    Removing stm32f10x_can.o(i.CAN_GetLastErrorCode), (12 bytes).
    Removing stm32f10x_can.o(i.CAN_GetReceiveErrorCounter), (10 bytes).
    Removing stm32f10x_can.o(i.CAN_ITConfig), (18 bytes).
    Removing stm32f10x_can.o(i.CAN_Init), (276 bytes).
    Removing stm32f10x_can.o(i.CAN_MessagePending), (30 bytes).
    Removing stm32f10x_can.o(i.CAN_OperatingModeRequest), (162 bytes).
    Removing stm32f10x_can.o(i.CAN_Receive), (240 bytes).
    Removing stm32f10x_can.o(i.CAN_SlaveStartBank), (52 bytes).
    Removing stm32f10x_can.o(i.CAN_Sleep), (30 bytes).
    Removing stm32f10x_can.o(i.CAN_StructInit), (32 bytes).
    Removing stm32f10x_can.o(i.CAN_TTComModeCmd), (118 bytes).
    Removing stm32f10x_can.o(i.CAN_Transmit), (294 bytes).
    Removing stm32f10x_can.o(i.CAN_TransmitStatus), (160 bytes).
    Removing stm32f10x_can.o(i.CAN_WakeUp), (48 bytes).
    Removing stm32f10x_can.o(i.CheckITStatus), (18 bytes).
    Removing stm32f10x_cec.o(i.CEC_ClearFlag), (36 bytes).
    Removing stm32f10x_cec.o(i.CEC_ClearITPendingBit), (36 bytes).
    Removing stm32f10x_cec.o(i.CEC_Cmd), (32 bytes).
    Removing stm32f10x_cec.o(i.CEC_DeInit), (22 bytes).
    Removing stm32f10x_cec.o(i.CEC_EndOfMessageCmd), (12 bytes).
    Removing stm32f10x_cec.o(i.CEC_GetFlagStatus), (48 bytes).
    Removing stm32f10x_cec.o(i.CEC_GetITStatus), (40 bytes).
    Removing stm32f10x_cec.o(i.CEC_ITConfig), (12 bytes).
    Removing stm32f10x_cec.o(i.CEC_Init), (32 bytes).
    Removing stm32f10x_cec.o(i.CEC_OwnAddressConfig), (12 bytes).
    Removing stm32f10x_cec.o(i.CEC_ReceiveDataByte), (12 bytes).
    Removing stm32f10x_cec.o(i.CEC_SendDataByte), (12 bytes).
    Removing stm32f10x_cec.o(i.CEC_SetPrescaler), (12 bytes).
    Removing stm32f10x_cec.o(i.CEC_StartOfMessage), (12 bytes).
    Removing stm32f10x_crc.o(i.CRC_CalcBlockCRC), (36 bytes).
    Removing stm32f10x_crc.o(i.CRC_CalcCRC), (16 bytes).
    Removing stm32f10x_crc.o(i.CRC_GetCRC), (12 bytes).
    Removing stm32f10x_crc.o(i.CRC_GetIDRegister), (12 bytes).
    Removing stm32f10x_crc.o(i.CRC_ResetDR), (12 bytes).
    Removing stm32f10x_crc.o(i.CRC_SetIDRegister), (12 bytes).
    Removing stm32f10x_dac.o(i.DAC_Cmd), (40 bytes).
    Removing stm32f10x_dac.o(i.DAC_DMACmd), (44 bytes).
    Removing stm32f10x_dac.o(i.DAC_DeInit), (22 bytes).
    Removing stm32f10x_dac.o(i.DAC_DualSoftwareTriggerCmd), (36 bytes).
    Removing stm32f10x_dac.o(i.DAC_GetDataOutputValue), (36 bytes).
    Removing stm32f10x_dac.o(i.DAC_Init), (52 bytes).
    Removing stm32f10x_dac.o(i.DAC_SetChannel1Data), (32 bytes).
    Removing stm32f10x_dac.o(i.DAC_SetChannel2Data), (32 bytes).
    Removing stm32f10x_dac.o(i.DAC_SetDualChannelData), (36 bytes).
    Removing stm32f10x_dac.o(i.DAC_SoftwareTriggerCmd), (44 bytes).
    Removing stm32f10x_dac.o(i.DAC_StructInit), (12 bytes).
    Removing stm32f10x_dac.o(i.DAC_WaveGenerationCmd), (40 bytes).
    Removing stm32f10x_dbgmcu.o(i.DBGMCU_Config), (32 bytes).
    Removing stm32f10x_dbgmcu.o(i.DBGMCU_GetDEVID), (16 bytes).
    Removing stm32f10x_dbgmcu.o(i.DBGMCU_GetREVID), (12 bytes).
    Removing stm32f10x_dma.o(i.DMA_ClearFlag), (28 bytes).
    Removing stm32f10x_dma.o(i.DMA_ClearITPendingBit), (28 bytes).
    Removing stm32f10x_dma.o(i.DMA_Cmd), (24 bytes).
    Removing stm32f10x_dma.o(i.DMA_DeInit), (332 bytes).
    Removing stm32f10x_dma.o(i.DMA_GetCurrDataCounter), (8 bytes).
    Removing stm32f10x_dma.o(i.DMA_GetFlagStatus), (44 bytes).
    Removing stm32f10x_dma.o(i.DMA_GetITStatus), (44 bytes).
    Removing stm32f10x_dma.o(i.DMA_ITConfig), (18 bytes).
    Removing stm32f10x_dma.o(i.DMA_Init), (60 bytes).
    Removing stm32f10x_dma.o(i.DMA_SetCurrDataCounter), (4 bytes).
    Removing stm32f10x_dma.o(i.DMA_StructInit), (26 bytes).
    Removing stm32f10x_exti.o(i.EXTI_ClearFlag), (12 bytes).
    Removing stm32f10x_exti.o(i.EXTI_ClearITPendingBit), (12 bytes).
    Removing stm32f10x_exti.o(i.EXTI_DeInit), (36 bytes).
    Removing stm32f10x_exti.o(i.EXTI_GenerateSWInterrupt), (16 bytes).
    Removing stm32f10x_exti.o(i.EXTI_GetFlagStatus), (24 bytes).
    Removing stm32f10x_exti.o(i.EXTI_GetITStatus), (40 bytes).
    Removing stm32f10x_exti.o(i.EXTI_Init), (148 bytes).
    Removing stm32f10x_exti.o(i.EXTI_StructInit), (16 bytes).
    Removing stm32f10x_flash.o(i.FLASH_ClearFlag), (12 bytes).
    Removing stm32f10x_flash.o(i.FLASH_EnableWriteProtection), (196 bytes).
    Removing stm32f10x_flash.o(i.FLASH_EraseAllBank1Pages), (72 bytes).
    Removing stm32f10x_flash.o(i.FLASH_EraseAllPages), (72 bytes).
    Removing stm32f10x_flash.o(i.FLASH_EraseOptionBytes), (168 bytes).
    Removing stm32f10x_flash.o(i.FLASH_ErasePage), (76 bytes).
    Removing stm32f10x_flash.o(i.FLASH_GetBank1Status), (52 bytes).
    Removing stm32f10x_flash.o(i.FLASH_GetFlagStatus), (48 bytes).
    Removing stm32f10x_flash.o(i.FLASH_GetPrefetchBufferStatus), (24 bytes).
    Removing stm32f10x_flash.o(i.FLASH_GetReadOutProtectionStatus), (24 bytes).
    Removing stm32f10x_flash.o(i.FLASH_GetStatus), (52 bytes).
    Removing stm32f10x_flash.o(i.FLASH_GetUserOptionByte), (12 bytes).
    Removing stm32f10x_flash.o(i.FLASH_GetWriteProtectionOptionByte), (12 bytes).
    Removing stm32f10x_flash.o(i.FLASH_HalfCycleAccessCmd), (28 bytes).
    Removing stm32f10x_flash.o(i.FLASH_ITConfig), (32 bytes).
    Removing stm32f10x_flash.o(i.FLASH_Lock), (20 bytes).
    Removing stm32f10x_flash.o(i.FLASH_LockBank1), (20 bytes).
    Removing stm32f10x_flash.o(i.FLASH_PrefetchBufferCmd), (28 bytes).
    Removing stm32f10x_flash.o(i.FLASH_ProgramHalfWord), (64 bytes).
    Removing stm32f10x_flash.o(i.FLASH_ProgramOptionByteData), (84 bytes).
    Removing stm32f10x_flash.o(i.FLASH_ProgramWord), (108 bytes).
    Removing stm32f10x_flash.o(i.FLASH_ReadOutProtection), (172 bytes).
    Removing stm32f10x_flash.o(i.FLASH_SetLatency), (24 bytes).
    Removing stm32f10x_flash.o(i.FLASH_Unlock), (24 bytes).
    Removing stm32f10x_flash.o(i.FLASH_UnlockBank1), (24 bytes).
    Removing stm32f10x_flash.o(i.FLASH_UserOptionByteConfig), (104 bytes).
    Removing stm32f10x_flash.o(i.FLASH_WaitForLastBank1Operation), (38 bytes).
    Removing stm32f10x_flash.o(i.FLASH_WaitForLastOperation), (38 bytes).
    Removing stm32f10x_fsmc.o(i.FSMC_ClearFlag), (64 bytes).
    Removing stm32f10x_fsmc.o(i.FSMC_ClearITPendingBit), (72 bytes).
    Removing stm32f10x_fsmc.o(i.FSMC_GetECC), (28 bytes).
    Removing stm32f10x_fsmc.o(i.FSMC_GetFlagStatus), (56 bytes).
    Removing stm32f10x_fsmc.o(i.FSMC_GetITStatus), (68 bytes).
    Removing stm32f10x_fsmc.o(i.FSMC_ITConfig), (128 bytes).
    Removing stm32f10x_fsmc.o(i.FSMC_NANDCmd), (92 bytes).
    Removing stm32f10x_fsmc.o(i.FSMC_NANDDeInit), (68 bytes).
    Removing stm32f10x_fsmc.o(i.FSMC_NANDECCCmd), (92 bytes).
    Removing stm32f10x_fsmc.o(i.FSMC_NANDInit), (136 bytes).
    Removing stm32f10x_fsmc.o(i.FSMC_NANDStructInit), (54 bytes).
    Removing stm32f10x_fsmc.o(i.FSMC_NORSRAMCmd), (52 bytes).
    Removing stm32f10x_fsmc.o(i.FSMC_NORSRAMDeInit), (54 bytes).
    Removing stm32f10x_fsmc.o(i.FSMC_NORSRAMInit), (230 bytes).
    Removing stm32f10x_fsmc.o(i.FSMC_NORSRAMStructInit), (114 bytes).
    Removing stm32f10x_fsmc.o(i.FSMC_PCCARDCmd), (48 bytes).
    Removing stm32f10x_fsmc.o(i.FSMC_PCCARDDeInit), (40 bytes).
    Removing stm32f10x_fsmc.o(i.FSMC_PCCARDInit), (132 bytes).
    Removing stm32f10x_fsmc.o(i.FSMC_PCCARDStructInit), (60 bytes).
    Removing stm32f10x_gpio.o(i.GPIO_AFIODeInit), (20 bytes).
    Removing stm32f10x_gpio.o(i.GPIO_DeInit), (200 bytes).
    Removing stm32f10x_gpio.o(i.GPIO_ETH_MediaInterfaceConfig), (12 bytes).
    Removing stm32f10x_gpio.o(i.GPIO_EXTILineConfig), (64 bytes).
    Removing stm32f10x_gpio.o(i.GPIO_EventOutputCmd), (12 bytes).
    Removing stm32f10x_gpio.o(i.GPIO_EventOutputConfig), (32 bytes).
    Removing stm32f10x_gpio.o(i.GPIO_PinLockConfig), (18 bytes).
    Removing stm32f10x_gpio.o(i.GPIO_PinRemapConfig), (144 bytes).
    Removing stm32f10x_gpio.o(i.GPIO_ReadInputData), (8 bytes).
    Removing stm32f10x_gpio.o(i.GPIO_ReadOutputData), (8 bytes).
    Removing stm32f10x_gpio.o(i.GPIO_ReadOutputDataBit), (18 bytes).
    Removing stm32f10x_gpio.o(i.GPIO_StructInit), (16 bytes).
    Removing stm32f10x_gpio.o(i.GPIO_Write), (4 bytes).
    Removing stm32f10x_gpio.o(i.GPIO_WriteBit), (10 bytes).
    Removing stm32f10x_i2c.o(i.I2C_ARPCmd), (24 bytes).
    Removing stm32f10x_i2c.o(i.I2C_AcknowledgeConfig), (24 bytes).
    Removing stm32f10x_i2c.o(i.I2C_CalculatePEC), (24 bytes).
    Removing stm32f10x_i2c.o(i.I2C_CheckEvent), (42 bytes).
    Removing stm32f10x_i2c.o(i.I2C_ClearFlag), (12 bytes).
    Removing stm32f10x_i2c.o(i.I2C_ClearITPendingBit), (12 bytes).
    Removing stm32f10x_i2c.o(i.I2C_Cmd), (24 bytes).
    Removing stm32f10x_i2c.o(i.I2C_DMACmd), (24 bytes).
    Removing stm32f10x_i2c.o(i.I2C_DMALastTransferCmd), (24 bytes).
    Removing stm32f10x_i2c.o(i.I2C_DeInit), (56 bytes).
    Removing stm32f10x_i2c.o(i.I2C_DualAddressCmd), (24 bytes).
    Removing stm32f10x_i2c.o(i.I2C_FastModeDutyCycleConfig), (28 bytes).
    Removing stm32f10x_i2c.o(i.I2C_GeneralCallCmd), (24 bytes).
    Removing stm32f10x_i2c.o(i.I2C_GenerateSTART), (24 bytes).
    Removing stm32f10x_i2c.o(i.I2C_GenerateSTOP), (24 bytes).
    Removing stm32f10x_i2c.o(i.I2C_GetFlagStatus), (58 bytes).
    Removing stm32f10x_i2c.o(i.I2C_GetITStatus), (38 bytes).
    Removing stm32f10x_i2c.o(i.I2C_GetLastEvent), (26 bytes).
    Removing stm32f10x_i2c.o(i.I2C_GetPEC), (8 bytes).
    Removing stm32f10x_i2c.o(i.I2C_ITConfig), (18 bytes).
    Removing stm32f10x_i2c.o(i.I2C_Init), (236 bytes).
    Removing stm32f10x_i2c.o(i.I2C_NACKPositionConfig), (28 bytes).
    Removing stm32f10x_i2c.o(i.I2C_OwnAddress2Config), (22 bytes).
    Removing stm32f10x_i2c.o(i.I2C_PECPositionConfig), (28 bytes).
    Removing stm32f10x_i2c.o(i.I2C_ReadRegister), (22 bytes).
    Removing stm32f10x_i2c.o(i.I2C_ReceiveData), (8 bytes).
    Removing stm32f10x_i2c.o(i.I2C_SMBusAlertConfig), (28 bytes).
    Removing stm32f10x_i2c.o(i.I2C_Send7bitAddress), (18 bytes).
    Removing stm32f10x_i2c.o(i.I2C_SendData), (4 bytes).
    Removing stm32f10x_i2c.o(i.I2C_SoftwareResetCmd), (22 bytes).
    Removing stm32f10x_i2c.o(i.I2C_StretchClockCmd), (24 bytes).
    Removing stm32f10x_i2c.o(i.I2C_StructInit), (30 bytes).
    Removing stm32f10x_i2c.o(i.I2C_TransmitPEC), (24 bytes).
    Removing stm32f10x_iwdg.o(i.IWDG_Enable), (16 bytes).
    Removing stm32f10x_iwdg.o(i.IWDG_GetFlagStatus), (24 bytes).
    Removing stm32f10x_iwdg.o(i.IWDG_ReloadCounter), (16 bytes).
    Removing stm32f10x_iwdg.o(i.IWDG_SetPrescaler), (12 bytes).
    Removing stm32f10x_iwdg.o(i.IWDG_SetReload), (12 bytes).
    Removing stm32f10x_iwdg.o(i.IWDG_WriteAccessCmd), (12 bytes).
    Removing stm32f10x_pwr.o(i.PWR_BackupAccessCmd), (12 bytes).
    Removing stm32f10x_pwr.o(i.PWR_ClearFlag), (20 bytes).
    Removing stm32f10x_pwr.o(i.PWR_DeInit), (22 bytes).
    Removing stm32f10x_pwr.o(i.PWR_EnterSTANDBYMode), (52 bytes).
    Removing stm32f10x_pwr.o(i.PWR_EnterSTOPMode), (64 bytes).
    Removing stm32f10x_pwr.o(i.PWR_GetFlagStatus), (24 bytes).
    Removing stm32f10x_pwr.o(i.PWR_PVDCmd), (12 bytes).
    Removing stm32f10x_pwr.o(i.PWR_PVDLevelConfig), (24 bytes).
    Removing stm32f10x_pwr.o(i.PWR_WakeUpPinCmd), (12 bytes).
    Removing stm32f10x_rcc.o(i.RCC_ADCCLKConfig), (24 bytes).
    Removing stm32f10x_rcc.o(i.RCC_AHBPeriphClockCmd), (32 bytes).
    Removing stm32f10x_rcc.o(i.RCC_APB1PeriphResetCmd), (32 bytes).
    Removing stm32f10x_rcc.o(i.RCC_APB2PeriphResetCmd), (32 bytes).
    Removing stm32f10x_rcc.o(i.RCC_AdjustHSICalibrationValue), (24 bytes).
    Removing stm32f10x_rcc.o(i.RCC_BackupResetCmd), (12 bytes).
    Removing stm32f10x_rcc.o(i.RCC_ClearFlag), (20 bytes).
    Removing stm32f10x_rcc.o(i.RCC_ClearITPendingBit), (12 bytes).
    Removing stm32f10x_rcc.o(i.RCC_ClockSecuritySystemCmd), (12 bytes).
    Removing stm32f10x_rcc.o(i.RCC_DeInit), (76 bytes).
    Removing stm32f10x_rcc.o(i.RCC_GetFlagStatus), (60 bytes).
    Removing stm32f10x_rcc.o(i.RCC_GetITStatus), (24 bytes).
    Removing stm32f10x_rcc.o(i.RCC_GetSYSCLKSource), (16 bytes).
    Removing stm32f10x_rcc.o(i.RCC_HCLKConfig), (24 bytes).
    Removing stm32f10x_rcc.o(i.RCC_HSEConfig), (76 bytes).
    Removing stm32f10x_rcc.o(i.RCC_HSICmd), (12 bytes).
    Removing stm32f10x_rcc.o(i.RCC_ITConfig), (32 bytes).
    Removing stm32f10x_rcc.o(i.RCC_LSEConfig), (52 bytes).
    Removing stm32f10x_rcc.o(i.RCC_LSICmd), (12 bytes).
    Removing stm32f10x_rcc.o(i.RCC_MCOConfig), (12 bytes).
    Removing stm32f10x_rcc.o(i.RCC_PCLK1Config), (24 bytes).
    Removing stm32f10x_rcc.o(i.RCC_PCLK2Config), (24 bytes).
    Removing stm32f10x_rcc.o(i.RCC_PLLCmd), (12 bytes).
    Removing stm32f10x_rcc.o(i.RCC_PLLConfig), (28 bytes).
    Removing stm32f10x_rcc.o(i.RCC_RTCCLKCmd), (12 bytes).
    Removing stm32f10x_rcc.o(i.RCC_RTCCLKConfig), (16 bytes).
    Removing stm32f10x_rcc.o(i.RCC_SYSCLKConfig), (24 bytes).
    Removing stm32f10x_rcc.o(i.RCC_USBCLKConfig), (12 bytes).
    Removing stm32f10x_rcc.o(i.RCC_WaitForHSEStartUp), (56 bytes).
    Removing stm32f10x_rtc.o(i.RTC_ClearFlag), (16 bytes).
    Removing stm32f10x_rtc.o(i.RTC_ClearITPendingBit), (16 bytes).
    Removing stm32f10x_rtc.o(i.RTC_EnterConfigMode), (20 bytes).
    Removing stm32f10x_rtc.o(i.RTC_ExitConfigMode), (20 bytes).
    Removing stm32f10x_rtc.o(i.RTC_GetCounter), (20 bytes).
    Removing stm32f10x_rtc.o(i.RTC_GetDivider), (24 bytes).
    Removing stm32f10x_rtc.o(i.RTC_GetFlagStatus), (24 bytes).
    Removing stm32f10x_rtc.o(i.RTC_GetITStatus), (36 bytes).
    Removing stm32f10x_rtc.o(i.RTC_ITConfig), (32 bytes).
    Removing stm32f10x_rtc.o(i.RTC_SetAlarm), (28 bytes).
    Removing stm32f10x_rtc.o(i.RTC_SetCounter), (28 bytes).
    Removing stm32f10x_rtc.o(i.RTC_SetPrescaler), (32 bytes).
    Removing stm32f10x_rtc.o(i.RTC_WaitForLastTask), (20 bytes).
    Removing stm32f10x_rtc.o(i.RTC_WaitForSynchro), (36 bytes).
    Removing stm32f10x_sdio.o(i.SDIO_CEATAITCmd), (16 bytes).
    Removing stm32f10x_sdio.o(i.SDIO_ClearFlag), (12 bytes).
    Removing stm32f10x_sdio.o(i.SDIO_ClearITPendingBit), (12 bytes).
    Removing stm32f10x_sdio.o(i.SDIO_ClockCmd), (12 bytes).
    Removing stm32f10x_sdio.o(i.SDIO_CmdStructInit), (14 bytes).
    Removing stm32f10x_sdio.o(i.SDIO_CommandCompletionCmd), (12 bytes).
    Removing stm32f10x_sdio.o(i.SDIO_DMACmd), (12 bytes).
    Removing stm32f10x_sdio.o(i.SDIO_DataConfig), (48 bytes).
    Removing stm32f10x_sdio.o(i.SDIO_DataStructInit), (20 bytes).
    Removing stm32f10x_sdio.o(i.SDIO_DeInit), (36 bytes).
    Removing stm32f10x_sdio.o(i.SDIO_GetCommandResponse), (12 bytes).
    Removing stm32f10x_sdio.o(i.SDIO_GetDataCounter), (12 bytes).
    Removing stm32f10x_sdio.o(i.SDIO_GetFIFOCount), (12 bytes).
    Removing stm32f10x_sdio.o(i.SDIO_GetFlagStatus), (24 bytes).
    Removing stm32f10x_sdio.o(i.SDIO_GetITStatus), (24 bytes).
    Removing stm32f10x_sdio.o(i.SDIO_GetPowerState), (16 bytes).
    Removing stm32f10x_sdio.o(i.SDIO_GetResponse), (24 bytes).
    Removing stm32f10x_sdio.o(i.SDIO_ITConfig), (32 bytes).
    Removing stm32f10x_sdio.o(i.SDIO_Init), (48 bytes).
    Removing stm32f10x_sdio.o(i.SDIO_ReadData), (12 bytes).
    Removing stm32f10x_sdio.o(i.SDIO_SendCEATACmd), (12 bytes).
    Removing stm32f10x_sdio.o(i.SDIO_SendCommand), (44 bytes).
    Removing stm32f10x_sdio.o(i.SDIO_SendSDIOSuspendCmd), (12 bytes).
    Removing stm32f10x_sdio.o(i.SDIO_SetPowerState), (28 bytes).
    Removing stm32f10x_sdio.o(i.SDIO_SetSDIOOperation), (12 bytes).
    Removing stm32f10x_sdio.o(i.SDIO_SetSDIOReadWaitMode), (12 bytes).
    Removing stm32f10x_sdio.o(i.SDIO_StartSDIOReadWait), (12 bytes).
    Removing stm32f10x_sdio.o(i.SDIO_StopSDIOReadWait), (12 bytes).
    Removing stm32f10x_sdio.o(i.SDIO_StructInit), (16 bytes).
    Removing stm32f10x_sdio.o(i.SDIO_WriteData), (12 bytes).
    Removing stm32f10x_spi.o(i.I2S_Cmd), (24 bytes).
    Removing stm32f10x_spi.o(i.I2S_Init), (232 bytes).
    Removing stm32f10x_spi.o(i.I2S_StructInit), (20 bytes).
    Removing stm32f10x_spi.o(i.SPI_BiDirectionalLineConfig), (28 bytes).
    Removing stm32f10x_spi.o(i.SPI_CalculateCRC), (24 bytes).
    Removing stm32f10x_spi.o(i.SPI_Cmd), (24 bytes).
    Removing stm32f10x_spi.o(i.SPI_DataSizeConfig), (18 bytes).
    Removing stm32f10x_spi.o(i.SPI_GetCRC), (16 bytes).
    Removing stm32f10x_spi.o(i.SPI_GetCRCPolynomial), (6 bytes).
    Removing stm32f10x_spi.o(i.SPI_I2S_ClearFlag), (6 bytes).
    Removing stm32f10x_spi.o(i.SPI_I2S_ClearITPendingBit), (20 bytes).
    Removing stm32f10x_spi.o(i.SPI_I2S_DMACmd), (18 bytes).
    Removing stm32f10x_spi.o(i.SPI_I2S_DeInit), (88 bytes).
    Removing stm32f10x_spi.o(i.SPI_I2S_GetFlagStatus), (18 bytes).
    Removing stm32f10x_spi.o(i.SPI_I2S_GetITStatus), (52 bytes).
    Removing stm32f10x_spi.o(i.SPI_I2S_ITConfig), (32 bytes).
    Removing stm32f10x_spi.o(i.SPI_I2S_ReceiveData), (6 bytes).
    Removing stm32f10x_spi.o(i.SPI_I2S_SendData), (4 bytes).
    Removing stm32f10x_spi.o(i.SPI_Init), (60 bytes).
    Removing stm32f10x_spi.o(i.SPI_NSSInternalSoftwareConfig), (30 bytes).
    Removing stm32f10x_spi.o(i.SPI_SSOutputCmd), (24 bytes).
    Removing stm32f10x_spi.o(i.SPI_StructInit), (24 bytes).
    Removing stm32f10x_spi.o(i.SPI_TransmitCRC), (10 bytes).
    Removing stm32f10x_tim.o(i.TI1_Config), (128 bytes).
    Removing stm32f10x_tim.o(i.TI2_Config), (152 bytes).
    Removing stm32f10x_tim.o(i.TI3_Config), (144 bytes).
    Removing stm32f10x_tim.o(i.TI4_Config), (152 bytes).
    Removing stm32f10x_tim.o(i.TIM_ARRPreloadConfig), (24 bytes).
    Removing stm32f10x_tim.o(i.TIM_BDTRConfig), (32 bytes).
    Removing stm32f10x_tim.o(i.TIM_BDTRStructInit), (18 bytes).
    Removing stm32f10x_tim.o(i.TIM_CCPreloadControl), (24 bytes).
    Removing stm32f10x_tim.o(i.TIM_CCxCmd), (30 bytes).
    Removing stm32f10x_tim.o(i.TIM_CCxNCmd), (30 bytes).
    Removing stm32f10x_tim.o(i.TIM_ClearOC1Ref), (18 bytes).
    Removing stm32f10x_tim.o(i.TIM_ClearOC2Ref), (24 bytes).
    Removing stm32f10x_tim.o(i.TIM_ClearOC3Ref), (18 bytes).
    Removing stm32f10x_tim.o(i.TIM_ClearOC4Ref), (24 bytes).
    Removing stm32f10x_tim.o(i.TIM_CounterModeConfig), (18 bytes).
    Removing stm32f10x_tim.o(i.TIM_CtrlPWMOutputs), (30 bytes).
    Removing stm32f10x_tim.o(i.TIM_DMACmd), (18 bytes).
    Removing stm32f10x_tim.o(i.TIM_DMAConfig), (10 bytes).
    Removing stm32f10x_tim.o(i.TIM_DeInit), (488 bytes).
    Removing stm32f10x_tim.o(i.TIM_ETRClockMode1Config), (54 bytes).
    Removing stm32f10x_tim.o(i.TIM_ETRClockMode2Config), (32 bytes).
    Removing stm32f10x_tim.o(i.TIM_ETRConfig), (28 bytes).
    Removing stm32f10x_tim.o(i.TIM_EncoderInterfaceConfig), (66 bytes).
    Removing stm32f10x_tim.o(i.TIM_ForcedOC1Config), (18 bytes).
    Removing stm32f10x_tim.o(i.TIM_ForcedOC2Config), (26 bytes).
    Removing stm32f10x_tim.o(i.TIM_ForcedOC3Config), (18 bytes).
    Removing stm32f10x_tim.o(i.TIM_ForcedOC4Config), (26 bytes).
    Removing stm32f10x_tim.o(i.TIM_GenerateEvent), (4 bytes).
    Removing stm32f10x_tim.o(i.TIM_GetCapture1), (6 bytes).
    Removing stm32f10x_tim.o(i.TIM_GetCapture2), (6 bytes).
    Removing stm32f10x_tim.o(i.TIM_GetCapture3), (6 bytes).
    Removing stm32f10x_tim.o(i.TIM_GetCapture4), (8 bytes).
    Removing stm32f10x_tim.o(i.TIM_GetCounter), (6 bytes).
    Removing stm32f10x_tim.o(i.TIM_GetFlagStatus), (18 bytes).
    Removing stm32f10x_tim.o(i.TIM_GetPrescaler), (6 bytes).
    Removing stm32f10x_tim.o(i.TIM_ICInit), (172 bytes).
    Removing stm32f10x_tim.o(i.TIM_ICStructInit), (18 bytes).
    Removing stm32f10x_tim.o(i.TIM_ITRxExternalClockConfig), (24 bytes).
    Removing stm32f10x_tim.o(i.TIM_InternalClockConfig), (12 bytes).
    Removing stm32f10x_tim.o(i.TIM_OC1FastConfig), (18 bytes).
    Removing stm32f10x_tim.o(i.TIM_OC1Init), (152 bytes).
    Removing stm32f10x_tim.o(i.TIM_OC1NPolarityConfig), (18 bytes).
    Removing stm32f10x_tim.o(i.TIM_OC1PolarityConfig), (18 bytes).
    Removing stm32f10x_tim.o(i.TIM_OC1PreloadConfig), (18 bytes).
    Removing stm32f10x_tim.o(i.TIM_OC2FastConfig), (26 bytes).
    Removing stm32f10x_tim.o(i.TIM_OC2Init), (164 bytes).
    Removing stm32f10x_tim.o(i.TIM_OC2NPolarityConfig), (26 bytes).
    Removing stm32f10x_tim.o(i.TIM_OC2PolarityConfig), (26 bytes).
    Removing stm32f10x_tim.o(i.TIM_OC2PreloadConfig), (26 bytes).
    Removing stm32f10x_tim.o(i.TIM_OC3FastConfig), (18 bytes).
    Removing stm32f10x_tim.o(i.TIM_OC3Init), (160 bytes).
    Removing stm32f10x_tim.o(i.TIM_OC3NPolarityConfig), (26 bytes).
    Removing stm32f10x_tim.o(i.TIM_OC3PolarityConfig), (26 bytes).
    Removing stm32f10x_tim.o(i.TIM_OC3PreloadConfig), (18 bytes).
    Removing stm32f10x_tim.o(i.TIM_OC4FastConfig), (26 bytes).
    Removing stm32f10x_tim.o(i.TIM_OC4Init), (124 bytes).
    Removing stm32f10x_tim.o(i.TIM_OC4PolarityConfig), (26 bytes).
    Removing stm32f10x_tim.o(i.TIM_OC4PreloadConfig), (26 bytes).
    Removing stm32f10x_tim.o(i.TIM_OCStructInit), (20 bytes).
    Removing stm32f10x_tim.o(i.TIM_PWMIConfig), (124 bytes).
    Removing stm32f10x_tim.o(i.TIM_PrescalerConfig), (6 bytes).
    Removing stm32f10x_tim.o(i.TIM_SelectCCDMA), (24 bytes).
    Removing stm32f10x_tim.o(i.TIM_SelectCOM), (24 bytes).
    Removing stm32f10x_tim.o(i.TIM_SelectHallSensor), (24 bytes).
    Removing stm32f10x_tim.o(i.TIM_SelectInputTrigger), (18 bytes).
    Removing stm32f10x_tim.o(i.TIM_SelectMasterSlaveMode), (18 bytes).
    Removing stm32f10x_tim.o(i.TIM_SelectOCxM), (82 bytes).
    Removing stm32f10x_tim.o(i.TIM_SelectOnePulseMode), (18 bytes).
    Removing stm32f10x_tim.o(i.TIM_SelectOutputTrigger), (18 bytes).
    Removing stm32f10x_tim.o(i.TIM_SelectSlaveMode), (18 bytes).
    Removing stm32f10x_tim.o(i.TIM_SetAutoreload), (4 bytes).
    Removing stm32f10x_tim.o(i.TIM_SetClockDivision), (18 bytes).
    Removing stm32f10x_tim.o(i.TIM_SetCompare1), (4 bytes).
    Removing stm32f10x_tim.o(i.TIM_SetCompare2), (4 bytes).
    Removing stm32f10x_tim.o(i.TIM_SetCompare3), (4 bytes).
    Removing stm32f10x_tim.o(i.TIM_SetCompare4), (6 bytes).
    Removing stm32f10x_tim.o(i.TIM_SetCounter), (4 bytes).
    Removing stm32f10x_tim.o(i.TIM_SetIC1Prescaler), (18 bytes).
    Removing stm32f10x_tim.o(i.TIM_SetIC2Prescaler), (26 bytes).
    Removing stm32f10x_tim.o(i.TIM_SetIC3Prescaler), (18 bytes).
    Removing stm32f10x_tim.o(i.TIM_SetIC4Prescaler), (26 bytes).
    Removing stm32f10x_tim.o(i.TIM_TIxExternalClockConfig), (62 bytes).
    Removing stm32f10x_tim.o(i.TIM_TimeBaseStructInit), (18 bytes).
    Removing stm32f10x_tim.o(i.TIM_UpdateDisableConfig), (24 bytes).
    Removing stm32f10x_tim.o(i.TIM_UpdateRequestConfig), (24 bytes).
    Removing stm32f10x_usart.o(i.USART_ClearFlag), (18 bytes).
    Removing stm32f10x_usart.o(i.USART_ClockInit), (34 bytes).
    Removing stm32f10x_usart.o(i.USART_ClockStructInit), (12 bytes).
    Removing stm32f10x_usart.o(i.USART_DMACmd), (18 bytes).
    Removing stm32f10x_usart.o(i.USART_DeInit), (156 bytes).
    Removing stm32f10x_usart.o(i.USART_HalfDuplexCmd), (24 bytes).
    Removing stm32f10x_usart.o(i.USART_IrDACmd), (24 bytes).
    Removing stm32f10x_usart.o(i.USART_IrDAConfig), (18 bytes).
    Removing stm32f10x_usart.o(i.USART_LINBreakDetectLengthConfig), (18 bytes).
    Removing stm32f10x_usart.o(i.USART_LINCmd), (24 bytes).
    Removing stm32f10x_usart.o(i.USART_OneBitMethodCmd), (24 bytes).
    Removing stm32f10x_usart.o(i.USART_OverSampling8Cmd), (22 bytes).
    Removing stm32f10x_usart.o(i.USART_ReceiverWakeUpCmd), (24 bytes).
    Removing stm32f10x_usart.o(i.USART_SendBreak), (10 bytes).
    Removing stm32f10x_usart.o(i.USART_SetAddress), (18 bytes).
    Removing stm32f10x_usart.o(i.USART_SetGuardTime), (16 bytes).
    Removing stm32f10x_usart.o(i.USART_SetPrescaler), (16 bytes).
    Removing stm32f10x_usart.o(i.USART_SmartCardCmd), (24 bytes).
    Removing stm32f10x_usart.o(i.USART_SmartCardNACKCmd), (24 bytes).
    Removing stm32f10x_usart.o(i.USART_StructInit), (24 bytes).
    Removing stm32f10x_usart.o(i.USART_WakeUpConfig), (18 bytes).
    Removing stm32f10x_wwdg.o(i.WWDG_ClearFlag), (12 bytes).
    Removing stm32f10x_wwdg.o(i.WWDG_DeInit), (22 bytes).
    Removing stm32f10x_wwdg.o(i.WWDG_Enable), (16 bytes).
    Removing stm32f10x_wwdg.o(i.WWDG_EnableIT), (12 bytes).
    Removing stm32f10x_wwdg.o(i.WWDG_GetFlagStatus), (12 bytes).
    Removing stm32f10x_wwdg.o(i.WWDG_SetCounter), (16 bytes).
    Removing stm32f10x_wwdg.o(i.WWDG_SetPrescaler), (24 bytes).
    Removing stm32f10x_wwdg.o(i.WWDG_SetWindowValue), (40 bytes).
    Removing main.o(i.return_current_device_state), (64 bytes).
    Removing main.o(i.wifi_send_packet_data), (80 bytes).
    Removing bsp_led.o(i.delay), (10 bytes).
    Removing bsp_led.o(i.power_onoff), (24 bytes).
    Removing api.o(i.APP_USART1_Baudrate), (80 bytes).
    Removing api.o(i.fputc), (36 bytes).
    Removing api.o(.data), (8 bytes).

460 unused section(s) (total 18770 bytes) removed from the image.

==============================================================================

Image Symbol Table

    Local Symbols

    Symbol Name                              Value     Ov Type        Size  Object(Section)

    ../clib/microlib/init/entry.s            0x00000000   Number         0  entry9b.o ABSOLUTE
    ../clib/microlib/init/entry.s            0x00000000   Number         0  entry11a.o ABSOLUTE
    ../clib/microlib/init/entry.s            0x00000000   Number         0  entry8b.o ABSOLUTE
    ../clib/microlib/init/entry.s            0x00000000   Number         0  entry8a.o ABSOLUTE
    ../clib/microlib/init/entry.s            0x00000000   Number         0  entry.o ABSOLUTE
    ../clib/microlib/init/entry.s            0x00000000   Number         0  entry10b.o ABSOLUTE
    ../clib/microlib/init/entry.s            0x00000000   Number         0  entry7b.o ABSOLUTE
    ../clib/microlib/init/entry.s            0x00000000   Number         0  entry10a.o ABSOLUTE
    ../clib/microlib/init/entry.s            0x00000000   Number         0  entry2.o ABSOLUTE
    ../clib/microlib/init/entry.s            0x00000000   Number         0  entry9a.o ABSOLUTE
    ../clib/microlib/init/entry.s            0x00000000   Number         0  entry5.o ABSOLUTE
    ../clib/microlib/init/entry.s            0x00000000   Number         0  entry11b.o ABSOLUTE
    ../clib/microlib/init/entry.s            0x00000000   Number         0  entry7a.o ABSOLUTE
    ..\..\Libraries\CMSIS\core_cm3.c         0x00000000   Number         0  core_cm3.o ABSOLUTE
    ..\..\Libraries\CMSIS\startup\startup_stm32f10x_hd.s 0x00000000   Number         0  startup_stm32f10x_hd.o ABSOLUTE
    ..\..\Libraries\CMSIS\system_stm32f10x.c 0x00000000   Number         0  system_stm32f10x.o ABSOLUTE
    ..\..\Libraries\FWlib\src\misc.c         0x00000000   Number         0  misc.o ABSOLUTE
    ..\..\Libraries\FWlib\src\stm32f10x_adc.c 0x00000000   Number         0  stm32f10x_adc.o ABSOLUTE
    ..\..\Libraries\FWlib\src\stm32f10x_bkp.c 0x00000000   Number         0  stm32f10x_bkp.o ABSOLUTE
    ..\..\Libraries\FWlib\src\stm32f10x_can.c 0x00000000   Number         0  stm32f10x_can.o ABSOLUTE
    ..\..\Libraries\FWlib\src\stm32f10x_cec.c 0x00000000   Number         0  stm32f10x_cec.o ABSOLUTE
    ..\..\Libraries\FWlib\src\stm32f10x_crc.c 0x00000000   Number         0  stm32f10x_crc.o ABSOLUTE
    ..\..\Libraries\FWlib\src\stm32f10x_dac.c 0x00000000   Number         0  stm32f10x_dac.o ABSOLUTE
    ..\..\Libraries\FWlib\src\stm32f10x_dbgmcu.c 0x00000000   Number         0  stm32f10x_dbgmcu.o ABSOLUTE
    ..\..\Libraries\FWlib\src\stm32f10x_dma.c 0x00000000   Number         0  stm32f10x_dma.o ABSOLUTE
    ..\..\Libraries\FWlib\src\stm32f10x_exti.c 0x00000000   Number         0  stm32f10x_exti.o ABSOLUTE
    ..\..\Libraries\FWlib\src\stm32f10x_flash.c 0x00000000   Number         0  stm32f10x_flash.o ABSOLUTE
    ..\..\Libraries\FWlib\src\stm32f10x_fsmc.c 0x00000000   Number         0  stm32f10x_fsmc.o ABSOLUTE
    ..\..\Libraries\FWlib\src\stm32f10x_gpio.c 0x00000000   Number         0  stm32f10x_gpio.o ABSOLUTE
    ..\..\Libraries\FWlib\src\stm32f10x_i2c.c 0x00000000   Number         0  stm32f10x_i2c.o ABSOLUTE
    ..\..\Libraries\FWlib\src\stm32f10x_iwdg.c 0x00000000   Number         0  stm32f10x_iwdg.o ABSOLUTE
    ..\..\Libraries\FWlib\src\stm32f10x_pwr.c 0x00000000   Number         0  stm32f10x_pwr.o ABSOLUTE
    ..\..\Libraries\FWlib\src\stm32f10x_rcc.c 0x00000000   Number         0  stm32f10x_rcc.o ABSOLUTE
    ..\..\Libraries\FWlib\src\stm32f10x_rtc.c 0x00000000   Number         0  stm32f10x_rtc.o ABSOLUTE
    ..\..\Libraries\FWlib\src\stm32f10x_sdio.c 0x00000000   Number         0  stm32f10x_sdio.o ABSOLUTE
    ..\..\Libraries\FWlib\src\stm32f10x_spi.c 0x00000000   Number         0  stm32f10x_spi.o ABSOLUTE
    ..\..\Libraries\FWlib\src\stm32f10x_tim.c 0x00000000   Number         0  stm32f10x_tim.o ABSOLUTE
    ..\..\Libraries\FWlib\src\stm32f10x_usart.c 0x00000000   Number         0  stm32f10x_usart.o ABSOLUTE
    ..\..\Libraries\FWlib\src\stm32f10x_wwdg.c 0x00000000   Number         0  stm32f10x_wwdg.o ABSOLUTE
    ..\..\User\Led\bsp_led.c                 0x00000000   Number         0  bsp_led.o ABSOLUTE
    ..\..\User\TimBase\bsp_TiMbase.c         0x00000000   Number         0  bsp_timbase.o ABSOLUTE
    ..\..\User\api.c                         0x00000000   Number         0  api.o ABSOLUTE
    ..\..\User\main.c                        0x00000000   Number         0  main.o ABSOLUTE
    ..\..\User\stm32f10x_it.c                0x00000000   Number         0  stm32f10x_it.o ABSOLUTE
    ..\\..\\Libraries\\CMSIS\\core_cm3.c     0x00000000   Number         0  core_cm3.o ABSOLUTE
    dc.s                                     0x00000000   Number         0  dc.o ABSOLUTE
    handlers.s                               0x00000000   Number         0  handlers.o ABSOLUTE
    init.s                                   0x00000000   Number         0  init.o ABSOLUTE
    RESET                                    0x08000000   Section      304  startup_stm32f10x_hd.o(RESET)
    .ARM.Collect$$$$00000000                 0x08000130   Section        0  entry.o(.ARM.Collect$$$$00000000)
    .ARM.Collect$$$$00000001                 0x08000130   Section        4  entry2.o(.ARM.Collect$$$$00000001)
    .ARM.Collect$$$$00000004                 0x08000134   Section        4  entry5.o(.ARM.Collect$$$$00000004)
    .ARM.Collect$$$$00000008                 0x08000138   Section        0  entry7b.o(.ARM.Collect$$$$00000008)
    .ARM.Collect$$$$0000000A                 0x08000138   Section        0  entry8b.o(.ARM.Collect$$$$0000000A)
    .ARM.Collect$$$$0000000B                 0x08000138   Section        8  entry9a.o(.ARM.Collect$$$$0000000B)
    .ARM.Collect$$$$0000000D                 0x08000140   Section        0  entry10a.o(.ARM.Collect$$$$0000000D)
    .ARM.Collect$$$$0000000F                 0x08000140   Section        0  entry11a.o(.ARM.Collect$$$$0000000F)
    .ARM.Collect$$$$00002712                 0x08000140   Section        4  entry2.o(.ARM.Collect$$$$00002712)
    __lit__00000000                          0x08000140   Data           4  entry2.o(.ARM.Collect$$$$00002712)
    .text                                    0x08000144   Section       36  startup_stm32f10x_hd.o(.text)
    .text                                    0x08000168   Section       36  init.o(.text)
    i.APP_USART1_IRQHandler                  0x0800018c   Section        0  api.o(i.APP_USART1_IRQHandler)
    i.APP_USART2_Baudrate                    0x080001b4   Section        0  api.o(i.APP_USART2_Baudrate)
    i.APP_USART2_IRQHandler                  0x080001e8   Section        0  api.o(i.APP_USART2_IRQHandler)
    i.BSP_USART2_Init                        0x08000238   Section        0  api.o(i.BSP_USART2_Init)
    i.BusFault_Handler                       0x080002c8   Section        0  stm32f10x_it.o(i.BusFault_Handler)
    i.DebugMon_Handler                       0x080002cc   Section        0  stm32f10x_it.o(i.DebugMon_Handler)
    i.ESD_onoff                              0x080002d0   Section        0  bsp_led.o(i.ESD_onoff)
    i.GPIO_Init                              0x080002e8   Section        0  stm32f10x_gpio.o(i.GPIO_Init)
    i.GPIO_ReadInputDataBit                  0x080003fe   Section        0  stm32f10x_gpio.o(i.GPIO_ReadInputDataBit)
    i.GPIO_ResetBits                         0x08000410   Section        0  stm32f10x_gpio.o(i.GPIO_ResetBits)
    i.GPIO_SetBits                           0x08000414   Section        0  stm32f10x_gpio.o(i.GPIO_SetBits)
    i.HT1621_GPIO_Config                     0x08000418   Section        0  bsp_led.o(i.HT1621_GPIO_Config)
    i.HardFault_Handler                      0x080004d8   Section        0  stm32f10x_it.o(i.HardFault_Handler)
    i.Ht1621Display                          0x080004dc   Section        0  bsp_led.o(i.Ht1621Display)
    i.Ht1621DisplayState                     0x080004fc   Section        0  bsp_led.o(i.Ht1621DisplayState)
    i.Ht1621WrAllData                        0x080005e0   Section        0  bsp_led.o(i.Ht1621WrAllData)
    i.Ht1621WrCmd                            0x08000634   Section        0  bsp_led.o(i.Ht1621WrCmd)
    i.Ht1621WrOneData                        0x08000670   Section        0  bsp_led.o(i.Ht1621WrOneData)
    i.Ht1621Wr_Data                          0x080006b8   Section        0  bsp_led.o(i.Ht1621Wr_Data)
    i.Ht1621_BL                              0x08000708   Section        0  bsp_led.o(i.Ht1621_BL)
    i.Ht1621_clrbuf                          0x08000754   Section        0  bsp_led.o(i.Ht1621_clrbuf)
    i.Ht1621_cls                             0x080007a0   Section        0  bsp_led.o(i.Ht1621_cls)
    i.Ht1621_off_disp                        0x080007b4   Section        0  bsp_led.o(i.Ht1621_off_disp)
    i.Ht1621_on_disp                         0x0800097c   Section        0  bsp_led.o(i.Ht1621_on_disp)
    i.Key_Scan                               0x08000ad4   Section        0  bsp_led.o(i.Key_Scan)
    i.MainSwitch                             0x08000d00   Section        0  bsp_led.o(i.MainSwitch)
    i.MemManage_Handler                      0x08000d3c   Section        0  stm32f10x_it.o(i.MemManage_Handler)
    i.NMI_Handler                            0x08000d40   Section        0  stm32f10x_it.o(i.NMI_Handler)
    i.NVIC_Init                              0x08000d44   Section        0  misc.o(i.NVIC_Init)
    i.NVIC_PriorityGroupConfig               0x08000db4   Section        0  misc.o(i.NVIC_PriorityGroupConfig)
    i.PHT_onoff                              0x08000dc8   Section        0  bsp_led.o(i.PHT_onoff)
    i.PendSV_Handler                         0x08000de0   Section        0  stm32f10x_it.o(i.PendSV_Handler)
    i.PollingKey                             0x08000de4   Section        0  bsp_led.o(i.PollingKey)
    i.PollingKey1                            0x08000f90   Section        0  bsp_led.o(i.PollingKey1)
    i.RCC_APB1PeriphClockCmd                 0x08001128   Section        0  stm32f10x_rcc.o(i.RCC_APB1PeriphClockCmd)
    i.RCC_APB2PeriphClockCmd                 0x08001148   Section        0  stm32f10x_rcc.o(i.RCC_APB2PeriphClockCmd)
    i.RCC_GetClocksFreq                      0x08001168   Section        0  stm32f10x_rcc.o(i.RCC_GetClocksFreq)
    i.SVC_Handler                            0x0800123c   Section        0  stm32f10x_it.o(i.SVC_Handler)
    i.SetSysClock                            0x0800123e   Section        0  system_stm32f10x.o(i.SetSysClock)
    SetSysClock                              0x0800123f   Thumb Code     8  system_stm32f10x.o(i.SetSysClock)
    i.SetSysClockTo24                        0x08001248   Section        0  system_stm32f10x.o(i.SetSysClockTo24)
    SetSysClockTo24                          0x08001249   Thumb Code   206  system_stm32f10x.o(i.SetSysClockTo24)
    i.SysTick_Handler                        0x08001320   Section        0  stm32f10x_it.o(i.SysTick_Handler)
    i.SystemInit                             0x08001324   Section        0  system_stm32f10x.o(i.SystemInit)
    i.TIM2_IRQHandler                        0x08001384   Section        0  stm32f10x_it.o(i.TIM2_IRQHandler)
    i.TIM_ClearFlag                          0x080013d4   Section        0  stm32f10x_tim.o(i.TIM_ClearFlag)
    i.TIM_ClearITPendingBit                  0x080013da   Section        0  stm32f10x_tim.o(i.TIM_ClearITPendingBit)
    i.TIM_Cmd                                0x080013e0   Section        0  stm32f10x_tim.o(i.TIM_Cmd)
    i.TIM_GetITStatus                        0x080013f8   Section        0  stm32f10x_tim.o(i.TIM_GetITStatus)
    i.TIM_ITConfig                           0x0800141a   Section        0  stm32f10x_tim.o(i.TIM_ITConfig)
    i.TIM_TimeBaseInit                       0x0800142c   Section        0  stm32f10x_tim.o(i.TIM_TimeBaseInit)
    i.TIMx_Configuration                     0x080014d0   Section        0  bsp_timbase.o(i.TIMx_Configuration)
    i.TIMx_NVIC_Configuration                0x0800151c   Section        0  bsp_timbase.o(i.TIMx_NVIC_Configuration)
    i.USART1_IRQHandler                      0x08001546   Section        0  stm32f10x_it.o(i.USART1_IRQHandler)
    i.USART2_IRQHandler                      0x0800154e   Section        0  stm32f10x_it.o(i.USART2_IRQHandler)
    i.USART_ClearITPendingBit                0x08001556   Section        0  stm32f10x_usart.o(i.USART_ClearITPendingBit)
    i.USART_Cmd                              0x08001574   Section        0  stm32f10x_usart.o(i.USART_Cmd)
    i.USART_GetFlagStatus                    0x0800158c   Section        0  stm32f10x_usart.o(i.USART_GetFlagStatus)
    i.USART_GetITStatus                      0x080015a6   Section        0  stm32f10x_usart.o(i.USART_GetITStatus)
    i.USART_ITConfig                         0x080015fa   Section        0  stm32f10x_usart.o(i.USART_ITConfig)
    i.USART_Init                             0x08001644   Section        0  stm32f10x_usart.o(i.USART_Init)
    i.USART_ReceiveData                      0x0800171c   Section        0  stm32f10x_usart.o(i.USART_ReceiveData)
    i.USART_SendData                         0x08001726   Section        0  stm32f10x_usart.o(i.USART_SendData)
    i.UsageFault_Handler                     0x0800172e   Section        0  stm32f10x_it.o(i.UsageFault_Handler)
    i.__scatterload_copy                     0x08001732   Section       14  handlers.o(i.__scatterload_copy)
    i.__scatterload_null                     0x08001740   Section        2  handlers.o(i.__scatterload_null)
    i.__scatterload_zeroinit                 0x08001742   Section       14  handlers.o(i.__scatterload_zeroinit)
    i.cmd_uart_check                         0x08001750   Section        0  main.o(i.cmd_uart_check)
    i.com_send_packet_data_f1                0x08001948   Section        0  main.o(i.com_send_packet_data_f1)
    i.delay_ms                               0x08001998   Section        0  bsp_led.o(i.delay_ms)
    i.delay_us                               0x080019d0   Section        0  bsp_led.o(i.delay_us)
    i.device_state_init                      0x08001a08   Section        0  main.o(i.device_state_init)
    i.device_work_mode_check                 0x08001a34   Section        0  bsp_led.o(i.device_work_mode_check)
    i.fault_check                            0x08001b44   Section        0  main.o(i.fault_check)
    i.fault_get_bit                          0x08001c08   Section        0  main.o(i.fault_get_bit)
    i.fault_set_bit                          0x08001c14   Section        0  main.o(i.fault_set_bit)
    i.main                                   0x08001c3c   Section        0  main.o(i.main)
    i.onoff_Scan                             0x08001ec4   Section        0  bsp_led.o(i.onoff_Scan)
    i.onoff_device_set                       0x08001f10   Section        0  bsp_led.o(i.onoff_device_set)
    i.pin0_Scan                              0x08001fa4   Section        0  bsp_led.o(i.pin0_Scan)
    i.pin1_Scan                              0x08001fb4   Section        0  bsp_led.o(i.pin1_Scan)
    i.pin6_Scan                              0x08001fc0   Section        0  bsp_led.o(i.pin6_Scan)
    i.reset_wifi                             0x08001ff4   Section        0  main.o(i.reset_wifi)
    i.return_device_power_state_change       0x08002000   Section        0  main.o(i.return_device_power_state_change)
    i.serial_int1_receive                    0x08002028   Section        0  main.o(i.serial_int1_receive)
    i.serial_int1_send                       0x08002114   Section        0  main.o(i.serial_int1_send)
    i.txd1_buffer_send                       0x080021b0   Section        0  main.o(i.txd1_buffer_send)
    i.uart2_init                             0x080021e8   Section        0  main.o(i.uart2_init)
    i.workspeed_onoff                        0x08002210   Section        0  bsp_led.o(i.workspeed_onoff)
    .constdata                               0x08002258   Section       10  bsp_led.o(.constdata)
    .data                                    0x20000000   Section       20  stm32f10x_rcc.o(.data)
    APBAHBPrescTable                         0x20000000   Data          16  stm32f10x_rcc.o(.data)
    ADCPrescTable                            0x20000010   Data           4  stm32f10x_rcc.o(.data)
    .data                                    0x20000014   Section       24  main.o(.data)
    cnt_tmp                                  0x20000028   Data           4  main.o(.data)
    .data                                    0x2000002c   Section        8  stm32f10x_it.o(.data)
    .data                                    0x20000034   Section       35  bsp_led.o(.data)
    KeyDownTimes                             0x20000050   Data           2  bsp_led.o(.data)
    KeyDoubleTimes                           0x20000052   Data           2  bsp_led.o(.data)
    KeyStep                                  0x20000055   Data           1  bsp_led.o(.data)
    KeyStep                                  0x20000056   Data           1  bsp_led.o(.data)
    .bss                                     0x20000058   Section      228  main.o(.bss)
    .bss                                     0x2000013c   Section       47  bsp_led.o(.bss)
    STACK                                    0x20000170   Section     1024  startup_stm32f10x_hd.o(STACK)

    Global Symbols

    Symbol Name                              Value     Ov Type        Size  Object(Section)

    BuildAttributes$$THM_ISAv4$P$D$K$B$S$PE$A:L22UL41UL21$X:L11$S22US41US21$IEEE1$IW$USESV6$~STKCKD$USESV7$~SHL$OSPACE$EBA8$MICROLIB$REQ8$PRES8$EABIv2 0x00000000   Number         0  anon$$obj.o ABSOLUTE
    __ARM_use_no_argv                        0x00000000   Number         0  main.o ABSOLUTE
    __cpp_initialize__aeabi_                  - Undefined Weak Reference
    __cxa_finalize                            - Undefined Weak Reference
    __decompress                              - Undefined Weak Reference
    _clock_init                               - Undefined Weak Reference
    _microlib_exit                            - Undefined Weak Reference
    __Vectors_Size                           0x00000130   Number         0  startup_stm32f10x_hd.o ABSOLUTE
    __Vectors                                0x08000000   Data           4  startup_stm32f10x_hd.o(RESET)
    __Vectors_End                            0x08000130   Data           0  startup_stm32f10x_hd.o(RESET)
    __main                                   0x08000131   Thumb Code     0  entry.o(.ARM.Collect$$$$00000000)
    _main_stk                                0x08000131   Thumb Code     0  entry2.o(.ARM.Collect$$$$00000001)
    _main_scatterload                        0x08000135   Thumb Code     0  entry5.o(.ARM.Collect$$$$00000004)
    __main_after_scatterload                 0x08000139   Thumb Code     0  entry5.o(.ARM.Collect$$$$00000004)
    _main_clock                              0x08000139   Thumb Code     0  entry7b.o(.ARM.Collect$$$$00000008)
    _main_cpp_init                           0x08000139   Thumb Code     0  entry8b.o(.ARM.Collect$$$$0000000A)
    _main_init                               0x08000139   Thumb Code     0  entry9a.o(.ARM.Collect$$$$0000000B)
    __rt_final_cpp                           0x08000141   Thumb Code     0  entry10a.o(.ARM.Collect$$$$0000000D)
    __rt_final_exit                          0x08000141   Thumb Code     0  entry11a.o(.ARM.Collect$$$$0000000F)
    Reset_Handler                            0x08000145   Thumb Code     8  startup_stm32f10x_hd.o(.text)
    ADC1_2_IRQHandler                        0x0800015f   Thumb Code     0  startup_stm32f10x_hd.o(.text)
    ADC3_IRQHandler                          0x0800015f   Thumb Code     0  startup_stm32f10x_hd.o(.text)
    CAN1_RX1_IRQHandler                      0x0800015f   Thumb Code     0  startup_stm32f10x_hd.o(.text)
    CAN1_SCE_IRQHandler                      0x0800015f   Thumb Code     0  startup_stm32f10x_hd.o(.text)
    DMA1_Channel1_IRQHandler                 0x0800015f   Thumb Code     0  startup_stm32f10x_hd.o(.text)
    DMA1_Channel2_IRQHandler                 0x0800015f   Thumb Code     0  startup_stm32f10x_hd.o(.text)
    DMA1_Channel3_IRQHandler                 0x0800015f   Thumb Code     0  startup_stm32f10x_hd.o(.text)
    DMA1_Channel4_IRQHandler                 0x0800015f   Thumb Code     0  startup_stm32f10x_hd.o(.text)
    DMA1_Channel5_IRQHandler                 0x0800015f   Thumb Code     0  startup_stm32f10x_hd.o(.text)
    DMA1_Channel6_IRQHandler                 0x0800015f   Thumb Code     0  startup_stm32f10x_hd.o(.text)
    DMA1_Channel7_IRQHandler                 0x0800015f   Thumb Code     0  startup_stm32f10x_hd.o(.text)
    DMA2_Channel1_IRQHandler                 0x0800015f   Thumb Code     0  startup_stm32f10x_hd.o(.text)
    DMA2_Channel2_IRQHandler                 0x0800015f   Thumb Code     0  startup_stm32f10x_hd.o(.text)
    DMA2_Channel3_IRQHandler                 0x0800015f   Thumb Code     0  startup_stm32f10x_hd.o(.text)
    DMA2_Channel4_5_IRQHandler               0x0800015f   Thumb Code     0  startup_stm32f10x_hd.o(.text)
    EXTI0_IRQHandler                         0x0800015f   Thumb Code     0  startup_stm32f10x_hd.o(.text)
    EXTI15_10_IRQHandler                     0x0800015f   Thumb Code     0  startup_stm32f10x_hd.o(.text)
    EXTI1_IRQHandler                         0x0800015f   Thumb Code     0  startup_stm32f10x_hd.o(.text)
    EXTI2_IRQHandler                         0x0800015f   Thumb Code     0  startup_stm32f10x_hd.o(.text)
    EXTI3_IRQHandler                         0x0800015f   Thumb Code     0  startup_stm32f10x_hd.o(.text)
    EXTI4_IRQHandler                         0x0800015f   Thumb Code     0  startup_stm32f10x_hd.o(.text)
    EXTI9_5_IRQHandler                       0x0800015f   Thumb Code     0  startup_stm32f10x_hd.o(.text)
    FLASH_IRQHandler                         0x0800015f   Thumb Code     0  startup_stm32f10x_hd.o(.text)
    FSMC_IRQHandler                          0x0800015f   Thumb Code     0  startup_stm32f10x_hd.o(.text)
    I2C1_ER_IRQHandler                       0x0800015f   Thumb Code     0  startup_stm32f10x_hd.o(.text)
    I2C1_EV_IRQHandler                       0x0800015f   Thumb Code     0  startup_stm32f10x_hd.o(.text)
    I2C2_ER_IRQHandler                       0x0800015f   Thumb Code     0  startup_stm32f10x_hd.o(.text)
    I2C2_EV_IRQHandler                       0x0800015f   Thumb Code     0  startup_stm32f10x_hd.o(.text)
    PVD_IRQHandler                           0x0800015f   Thumb Code     0  startup_stm32f10x_hd.o(.text)
    RCC_IRQHandler                           0x0800015f   Thumb Code     0  startup_stm32f10x_hd.o(.text)
    RTCAlarm_IRQHandler                      0x0800015f   Thumb Code     0  startup_stm32f10x_hd.o(.text)
    RTC_IRQHandler                           0x0800015f   Thumb Code     0  startup_stm32f10x_hd.o(.text)
    SDIO_IRQHandler                          0x0800015f   Thumb Code     0  startup_stm32f10x_hd.o(.text)
    SPI1_IRQHandler                          0x0800015f   Thumb Code     0  startup_stm32f10x_hd.o(.text)
    SPI2_IRQHandler                          0x0800015f   Thumb Code     0  startup_stm32f10x_hd.o(.text)
    SPI3_IRQHandler                          0x0800015f   Thumb Code     0  startup_stm32f10x_hd.o(.text)
    TAMPER_IRQHandler                        0x0800015f   Thumb Code     0  startup_stm32f10x_hd.o(.text)
    TIM1_BRK_IRQHandler                      0x0800015f   Thumb Code     0  startup_stm32f10x_hd.o(.text)
    TIM1_CC_IRQHandler                       0x0800015f   Thumb Code     0  startup_stm32f10x_hd.o(.text)
    TIM1_TRG_COM_IRQHandler                  0x0800015f   Thumb Code     0  startup_stm32f10x_hd.o(.text)
    TIM1_UP_IRQHandler                       0x0800015f   Thumb Code     0  startup_stm32f10x_hd.o(.text)
    TIM3_IRQHandler                          0x0800015f   Thumb Code     0  startup_stm32f10x_hd.o(.text)
    TIM4_IRQHandler                          0x0800015f   Thumb Code     0  startup_stm32f10x_hd.o(.text)
    TIM5_IRQHandler                          0x0800015f   Thumb Code     0  startup_stm32f10x_hd.o(.text)
    TIM6_IRQHandler                          0x0800015f   Thumb Code     0  startup_stm32f10x_hd.o(.text)
    TIM7_IRQHandler                          0x0800015f   Thumb Code     0  startup_stm32f10x_hd.o(.text)
    TIM8_BRK_IRQHandler                      0x0800015f   Thumb Code     0  startup_stm32f10x_hd.o(.text)
    TIM8_CC_IRQHandler                       0x0800015f   Thumb Code     0  startup_stm32f10x_hd.o(.text)
    TIM8_TRG_COM_IRQHandler                  0x0800015f   Thumb Code     0  startup_stm32f10x_hd.o(.text)
    TIM8_UP_IRQHandler                       0x0800015f   Thumb Code     0  startup_stm32f10x_hd.o(.text)
    UART4_IRQHandler                         0x0800015f   Thumb Code     0  startup_stm32f10x_hd.o(.text)
    UART5_IRQHandler                         0x0800015f   Thumb Code     0  startup_stm32f10x_hd.o(.text)
    USART3_IRQHandler                        0x0800015f   Thumb Code     0  startup_stm32f10x_hd.o(.text)
    USBWakeUp_IRQHandler                     0x0800015f   Thumb Code     0  startup_stm32f10x_hd.o(.text)
    USB_HP_CAN1_TX_IRQHandler                0x0800015f   Thumb Code     0  startup_stm32f10x_hd.o(.text)
    USB_LP_CAN1_RX0_IRQHandler               0x0800015f   Thumb Code     0  startup_stm32f10x_hd.o(.text)
    WWDG_IRQHandler                          0x0800015f   Thumb Code     0  startup_stm32f10x_hd.o(.text)
    __scatterload                            0x08000169   Thumb Code    28  init.o(.text)
    __scatterload_rt2                        0x08000169   Thumb Code     0  init.o(.text)
    APP_USART1_IRQHandler                    0x0800018d   Thumb Code    36  api.o(i.APP_USART1_IRQHandler)
    APP_USART2_Baudrate                      0x080001b5   Thumb Code    46  api.o(i.APP_USART2_Baudrate)
    APP_USART2_IRQHandler                    0x080001e9   Thumb Code    74  api.o(i.APP_USART2_IRQHandler)
    BSP_USART2_Init                          0x08000239   Thumb Code   140  api.o(i.BSP_USART2_Init)
    BusFault_Handler                         0x080002c9   Thumb Code     4  stm32f10x_it.o(i.BusFault_Handler)
    DebugMon_Handler                         0x080002cd   Thumb Code     2  stm32f10x_it.o(i.DebugMon_Handler)
    ESD_onoff                                0x080002d1   Thumb Code    20  bsp_led.o(i.ESD_onoff)
    GPIO_Init                                0x080002e9   Thumb Code   278  stm32f10x_gpio.o(i.GPIO_Init)
    GPIO_ReadInputDataBit                    0x080003ff   Thumb Code    18  stm32f10x_gpio.o(i.GPIO_ReadInputDataBit)
    GPIO_ResetBits                           0x08000411   Thumb Code     4  stm32f10x_gpio.o(i.GPIO_ResetBits)
    GPIO_SetBits                             0x08000415   Thumb Code     4  stm32f10x_gpio.o(i.GPIO_SetBits)
    HT1621_GPIO_Config                       0x08000419   Thumb Code   178  bsp_led.o(i.HT1621_GPIO_Config)
    HardFault_Handler                        0x080004d9   Thumb Code     4  stm32f10x_it.o(i.HardFault_Handler)
    Ht1621Display                            0x080004dd   Thumb Code    22  bsp_led.o(i.Ht1621Display)
    Ht1621DisplayState                       0x080004fd   Thumb Code   218  bsp_led.o(i.Ht1621DisplayState)
    Ht1621WrAllData                          0x080005e1   Thumb Code    80  bsp_led.o(i.Ht1621WrAllData)
    Ht1621WrCmd                              0x08000635   Thumb Code    54  bsp_led.o(i.Ht1621WrCmd)
    Ht1621WrOneData                          0x08000671   Thumb Code    66  bsp_led.o(i.Ht1621WrOneData)
    Ht1621Wr_Data                            0x080006b9   Thumb Code    74  bsp_led.o(i.Ht1621Wr_Data)
    Ht1621_BL                                0x08000709   Thumb Code    68  bsp_led.o(i.Ht1621_BL)
    Ht1621_clrbuf                            0x08000755   Thumb Code    68  bsp_led.o(i.Ht1621_clrbuf)
    Ht1621_cls                               0x080007a1   Thumb Code    14  bsp_led.o(i.Ht1621_cls)
    Ht1621_off_disp                          0x080007b5   Thumb Code   452  bsp_led.o(i.Ht1621_off_disp)
    Ht1621_on_disp                           0x0800097d   Thumb Code   338  bsp_led.o(i.Ht1621_on_disp)
    Key_Scan                                 0x08000ad5   Thumb Code   522  bsp_led.o(i.Key_Scan)
    MainSwitch                               0x08000d01   Thumb Code    54  bsp_led.o(i.MainSwitch)
    MemManage_Handler                        0x08000d3d   Thumb Code     4  stm32f10x_it.o(i.MemManage_Handler)
    NMI_Handler                              0x08000d41   Thumb Code     2  stm32f10x_it.o(i.NMI_Handler)
    NVIC_Init                                0x08000d45   Thumb Code   100  misc.o(i.NVIC_Init)
    NVIC_PriorityGroupConfig                 0x08000db5   Thumb Code    10  misc.o(i.NVIC_PriorityGroupConfig)
    PHT_onoff                                0x08000dc9   Thumb Code    20  bsp_led.o(i.PHT_onoff)
    PendSV_Handler                           0x08000de1   Thumb Code     2  stm32f10x_it.o(i.PendSV_Handler)
    PollingKey                               0x08000de5   Thumb Code   394  bsp_led.o(i.PollingKey)
    PollingKey1                              0x08000f91   Thumb Code   374  bsp_led.o(i.PollingKey1)
    RCC_APB1PeriphClockCmd                   0x08001129   Thumb Code    26  stm32f10x_rcc.o(i.RCC_APB1PeriphClockCmd)
    RCC_APB2PeriphClockCmd                   0x08001149   Thumb Code    26  stm32f10x_rcc.o(i.RCC_APB2PeriphClockCmd)
    RCC_GetClocksFreq                        0x08001169   Thumb Code   192  stm32f10x_rcc.o(i.RCC_GetClocksFreq)
    SVC_Handler                              0x0800123d   Thumb Code     2  stm32f10x_it.o(i.SVC_Handler)
    SysTick_Handler                          0x08001321   Thumb Code     2  stm32f10x_it.o(i.SysTick_Handler)
    SystemInit                               0x08001325   Thumb Code    78  system_stm32f10x.o(i.SystemInit)
    TIM2_IRQHandler                          0x08001385   Thumb Code    68  stm32f10x_it.o(i.TIM2_IRQHandler)
    TIM_ClearFlag                            0x080013d5   Thumb Code     6  stm32f10x_tim.o(i.TIM_ClearFlag)
    TIM_ClearITPendingBit                    0x080013db   Thumb Code     6  stm32f10x_tim.o(i.TIM_ClearITPendingBit)
    TIM_Cmd                                  0x080013e1   Thumb Code    24  stm32f10x_tim.o(i.TIM_Cmd)
    TIM_GetITStatus                          0x080013f9   Thumb Code    34  stm32f10x_tim.o(i.TIM_GetITStatus)
    TIM_ITConfig                             0x0800141b   Thumb Code    18  stm32f10x_tim.o(i.TIM_ITConfig)
    TIM_TimeBaseInit                         0x0800142d   Thumb Code   122  stm32f10x_tim.o(i.TIM_TimeBaseInit)
    TIMx_Configuration                       0x080014d1   Thumb Code    76  bsp_timbase.o(i.TIMx_Configuration)
    TIMx_NVIC_Configuration                  0x0800151d   Thumb Code    42  bsp_timbase.o(i.TIMx_NVIC_Configuration)
    USART1_IRQHandler                        0x08001547   Thumb Code     8  stm32f10x_it.o(i.USART1_IRQHandler)
    USART2_IRQHandler                        0x0800154f   Thumb Code     8  stm32f10x_it.o(i.USART2_IRQHandler)
    USART_ClearITPendingBit                  0x08001557   Thumb Code    30  stm32f10x_usart.o(i.USART_ClearITPendingBit)
    USART_Cmd                                0x08001575   Thumb Code    24  stm32f10x_usart.o(i.USART_Cmd)
    USART_GetFlagStatus                      0x0800158d   Thumb Code    26  stm32f10x_usart.o(i.USART_GetFlagStatus)
    USART_GetITStatus                        0x080015a7   Thumb Code    84  stm32f10x_usart.o(i.USART_GetITStatus)
    USART_ITConfig                           0x080015fb   Thumb Code    74  stm32f10x_usart.o(i.USART_ITConfig)
    USART_Init                               0x08001645   Thumb Code   210  stm32f10x_usart.o(i.USART_Init)
    USART_ReceiveData                        0x0800171d   Thumb Code    10  stm32f10x_usart.o(i.USART_ReceiveData)
    USART_SendData                           0x08001727   Thumb Code     8  stm32f10x_usart.o(i.USART_SendData)
    UsageFault_Handler                       0x0800172f   Thumb Code     4  stm32f10x_it.o(i.UsageFault_Handler)
    __scatterload_copy                       0x08001733   Thumb Code    14  handlers.o(i.__scatterload_copy)
    __scatterload_null                       0x08001741   Thumb Code     2  handlers.o(i.__scatterload_null)
    __scatterload_zeroinit                   0x08001743   Thumb Code    14  handlers.o(i.__scatterload_zeroinit)
    cmd_uart_check                           0x08001751   Thumb Code   478  main.o(i.cmd_uart_check)
    com_send_packet_data_f1                  0x08001949   Thumb Code    72  main.o(i.com_send_packet_data_f1)
    delay_ms                                 0x08001999   Thumb Code    56  bsp_led.o(i.delay_ms)
    delay_us                                 0x080019d1   Thumb Code    54  bsp_led.o(i.delay_us)
    device_state_init                        0x08001a09   Thumb Code    36  main.o(i.device_state_init)
    device_work_mode_check                   0x08001a35   Thumb Code   264  bsp_led.o(i.device_work_mode_check)
    fault_check                              0x08001b45   Thumb Code   190  main.o(i.fault_check)
    fault_get_bit                            0x08001c09   Thumb Code    10  main.o(i.fault_get_bit)
    fault_set_bit                            0x08001c15   Thumb Code    34  main.o(i.fault_set_bit)
    main                                     0x08001c3d   Thumb Code   628  main.o(i.main)
    onoff_Scan                               0x08001ec5   Thumb Code    66  bsp_led.o(i.onoff_Scan)
    onoff_device_set                         0x08001f11   Thumb Code   122  bsp_led.o(i.onoff_device_set)
    pin0_Scan                                0x08001fa5   Thumb Code    16  bsp_led.o(i.pin0_Scan)
    pin1_Scan                                0x08001fb5   Thumb Code    10  bsp_led.o(i.pin1_Scan)
    pin6_Scan                                0x08001fc1   Thumb Code    48  bsp_led.o(i.pin6_Scan)
    reset_wifi                               0x08001ff5   Thumb Code    12  main.o(i.reset_wifi)
    return_device_power_state_change         0x08002001   Thumb Code    38  main.o(i.return_device_power_state_change)
    serial_int1_receive                      0x08002029   Thumb Code   206  main.o(i.serial_int1_receive)
    serial_int1_send                         0x08002115   Thumb Code   126  main.o(i.serial_int1_send)
    txd1_buffer_send                         0x080021b1   Thumb Code    38  main.o(i.txd1_buffer_send)
    uart2_init                               0x080021e9   Thumb Code    36  main.o(i.uart2_init)
    workspeed_onoff                          0x08002211   Thumb Code    62  bsp_led.o(i.workspeed_onoff)
    Ht1621Tab1                               0x08002258   Data          10  bsp_led.o(.constdata)
    Region$$Table$$Base                      0x08002264   Number         0  anon$$obj.o(Region$$Table)
    Region$$Table$$Limit                     0x08002284   Number         0  anon$$obj.o(Region$$Table)
    counter_receive                          0x20000014   Data           1  main.o(.data)
    rxd1_buff_cFlag                          0x20000015   Data           1  main.o(.data)
    counter_send                             0x20000016   Data           1  main.o(.data)
    txd1_buff_cFlag                          0x20000017   Data           1  main.o(.data)
    cmd_send_lenth                           0x20000018   Data           1  main.o(.data)
    rx_buff_f1                               0x20000019   Data           1  main.o(.data)
    wifi_send_packet_buf_pub1                0x2000001a   Data           7  main.o(.data)
    Isr_j                                    0x20000021   Data           1  main.o(.data)
    Isr_com                                  0x20000022   Data           1  main.o(.data)
    rec_data_num                             0x20000023   Data           1  main.o(.data)
    device_power_state_pre                   0x20000024   Data           1  main.o(.data)
    house_id                                 0x20000025   Data           1  main.o(.data)
    time_tick_cnt                            0x2000002c   Data           4  stm32f10x_it.o(.data)
    time_tick_cnt2                           0x20000030   Data           4  stm32f10x_it.o(.data)
    power_key_state                          0x20000034   Data           1  bsp_led.o(.data)
    DIS_BUF                                  0x20000035   Data          20  bsp_led.o(.data)
    count2                                   0x20000049   Data           1  bsp_led.o(.data)
    count3                                   0x2000004a   Data           1  bsp_led.o(.data)
    key4                                     0x2000004b   Data           1  bsp_led.o(.data)
    time                                     0x2000004c   Data           4  bsp_led.o(.data)
    KeyState                                 0x20000054   Data           1  bsp_led.o(.data)
    in_com_buff                              0x20000058   Data          40  main.o(.bss)
    rxd1_buffer                              0x20000080   Data          40  main.o(.bss)
    txd1_buffer                              0x200000a8   Data          20  main.o(.bss)
    device_work_data                         0x200000bc   Data          28  main.o(.bss)
    wifi_send_packet_buf_pub                 0x200000d8   Data         100  main.o(.bss)
    Ht1621Tab2                               0x2000013c   Data          20  bsp_led.o(.bss)
    Ht1621Tab3                               0x20000150   Data          11  bsp_led.o(.bss)
    Ht1621Tab                                0x2000015b   Data          16  bsp_led.o(.bss)
    __initial_sp                             0x20000570   Data           0  startup_stm32f10x_hd.o(STACK)



==============================================================================

Memory Map of the image

  Image Entry point : 0x08000131

  Load Region LR_IROM1 (Base: 0x08000000, Size: 0x000022dc, Max: 0x00040000, ABSOLUTE)

    Execution Region ER_IROM1 (Base: 0x08000000, Size: 0x00002284, Max: 0x00040000, ABSOLUTE)

    Base Addr    Size         Type   Attr      Idx    E Section Name        Object

    0x08000000   0x00000130   Data   RO            3    RESET               startup_stm32f10x_hd.o
    0x08000130   0x00000000   Code   RO         3567  * .ARM.Collect$$$$00000000  mc_w.l(entry.o)
    0x08000130   0x00000004   Code   RO         3570    .ARM.Collect$$$$00000001  mc_w.l(entry2.o)
    0x08000134   0x00000004   Code   RO         3573    .ARM.Collect$$$$00000004  mc_w.l(entry5.o)
    0x08000138   0x00000000   Code   RO         3575    .ARM.Collect$$$$00000008  mc_w.l(entry7b.o)
    0x08000138   0x00000000   Code   RO         3577    .ARM.Collect$$$$0000000A  mc_w.l(entry8b.o)
    0x08000138   0x00000008   Code   RO         3578    .ARM.Collect$$$$0000000B  mc_w.l(entry9a.o)
    0x08000140   0x00000000   Code   RO         3580    .ARM.Collect$$$$0000000D  mc_w.l(entry10a.o)
    0x08000140   0x00000000   Code   RO         3582    .ARM.Collect$$$$0000000F  mc_w.l(entry11a.o)
    0x08000140   0x00000004   Code   RO         3571    .ARM.Collect$$$$00002712  mc_w.l(entry2.o)
    0x08000144   0x00000024   Code   RO            4    .text               startup_stm32f10x_hd.o
    0x08000168   0x00000024   Code   RO         3584    .text               mc_w.l(init.o)
    0x0800018c   0x00000028   Code   RO         3523    i.APP_USART1_IRQHandler  api.o
    0x080001b4   0x00000034   Code   RO         3524    i.APP_USART2_Baudrate  api.o
    0x080001e8   0x00000050   Code   RO         3525    i.APP_USART2_IRQHandler  api.o
    0x08000238   0x00000090   Code   RO         3526    i.BSP_USART2_Init   api.o
    0x080002c8   0x00000004   Code   RO         3226    i.BusFault_Handler  stm32f10x_it.o
    0x080002cc   0x00000002   Code   RO         3227    i.DebugMon_Handler  stm32f10x_it.o
    0x080002ce   0x00000002   PAD
    0x080002d0   0x00000018   Code   RO         3311    i.ESD_onoff         bsp_led.o
    0x080002e8   0x00000116   Code   RO         1292    i.GPIO_Init         stm32f10x_gpio.o
    0x080003fe   0x00000012   Code   RO         1296    i.GPIO_ReadInputDataBit  stm32f10x_gpio.o
    0x08000410   0x00000004   Code   RO         1299    i.GPIO_ResetBits    stm32f10x_gpio.o
    0x08000414   0x00000004   Code   RO         1300    i.GPIO_SetBits      stm32f10x_gpio.o
    0x08000418   0x000000c0   Code   RO         3312    i.HT1621_GPIO_Config  bsp_led.o
    0x080004d8   0x00000004   Code   RO         3228    i.HardFault_Handler  stm32f10x_it.o
    0x080004dc   0x00000020   Code   RO         3313    i.Ht1621Display     bsp_led.o
    0x080004fc   0x000000e4   Code   RO         3314    i.Ht1621DisplayState  bsp_led.o
    0x080005e0   0x00000054   Code   RO         3315    i.Ht1621WrAllData   bsp_led.o
    0x08000634   0x0000003c   Code   RO         3316    i.Ht1621WrCmd       bsp_led.o
    0x08000670   0x00000048   Code   RO         3317    i.Ht1621WrOneData   bsp_led.o
    0x080006b8   0x00000050   Code   RO         3318    i.Ht1621Wr_Data     bsp_led.o
    0x08000708   0x0000004c   Code   RO         3319    i.Ht1621_BL         bsp_led.o
    0x08000754   0x0000004c   Code   RO         3320    i.Ht1621_clrbuf     bsp_led.o
    0x080007a0   0x00000014   Code   RO         3321    i.Ht1621_cls        bsp_led.o
    0x080007b4   0x000001c8   Code   RO         3322    i.Ht1621_off_disp   bsp_led.o
    0x0800097c   0x00000158   Code   RO         3323    i.Ht1621_on_disp    bsp_led.o
    0x08000ad4   0x0000022c   Code   RO         3324    i.Key_Scan          bsp_led.o
    0x08000d00   0x0000003c   Code   RO         3325    i.MainSwitch        bsp_led.o
    0x08000d3c   0x00000004   Code   RO         3229    i.MemManage_Handler  stm32f10x_it.o
    0x08000d40   0x00000002   Code   RO         3230    i.NMI_Handler       stm32f10x_it.o
    0x08000d42   0x00000002   PAD
    0x08000d44   0x00000070   Code   RO          137    i.NVIC_Init         misc.o
    0x08000db4   0x00000014   Code   RO          138    i.NVIC_PriorityGroupConfig  misc.o
    0x08000dc8   0x00000018   Code   RO         3326    i.PHT_onoff         bsp_led.o
    0x08000de0   0x00000002   Code   RO         3231    i.PendSV_Handler    stm32f10x_it.o
    0x08000de2   0x00000002   PAD
    0x08000de4   0x000001ac   Code   RO         3327    i.PollingKey        bsp_led.o
    0x08000f90   0x00000198   Code   RO         3328    i.PollingKey1       bsp_led.o
    0x08001128   0x00000020   Code   RO         1708    i.RCC_APB1PeriphClockCmd  stm32f10x_rcc.o
    0x08001148   0x00000020   Code   RO         1710    i.RCC_APB2PeriphClockCmd  stm32f10x_rcc.o
    0x08001168   0x000000d4   Code   RO         1718    i.RCC_GetClocksFreq  stm32f10x_rcc.o
    0x0800123c   0x00000002   Code   RO         3232    i.SVC_Handler       stm32f10x_it.o
    0x0800123e   0x00000008   Code   RO           24    i.SetSysClock       system_stm32f10x.o
    0x08001246   0x00000002   PAD
    0x08001248   0x000000d8   Code   RO           25    i.SetSysClockTo24   system_stm32f10x.o
    0x08001320   0x00000002   Code   RO         3233    i.SysTick_Handler   stm32f10x_it.o
    0x08001322   0x00000002   PAD
    0x08001324   0x00000060   Code   RO           27    i.SystemInit        system_stm32f10x.o
    0x08001384   0x00000050   Code   RO         3234    i.TIM2_IRQHandler   stm32f10x_it.o
    0x080013d4   0x00000006   Code   RO         2336    i.TIM_ClearFlag     stm32f10x_tim.o
    0x080013da   0x00000006   Code   RO         2337    i.TIM_ClearITPendingBit  stm32f10x_tim.o
    0x080013e0   0x00000018   Code   RO         2342    i.TIM_Cmd           stm32f10x_tim.o
    0x080013f8   0x00000022   Code   RO         2363    i.TIM_GetITStatus   stm32f10x_tim.o
    0x0800141a   0x00000012   Code   RO         2367    i.TIM_ITConfig      stm32f10x_tim.o
    0x0800142c   0x000000a4   Code   RO         2413    i.TIM_TimeBaseInit  stm32f10x_tim.o
    0x080014d0   0x0000004c   Code   RO         3500    i.TIMx_Configuration  bsp_timbase.o
    0x0800151c   0x0000002a   Code   RO         3501    i.TIMx_NVIC_Configuration  bsp_timbase.o
    0x08001546   0x00000008   Code   RO         3235    i.USART1_IRQHandler  stm32f10x_it.o
    0x0800154e   0x00000008   Code   RO         3236    i.USART2_IRQHandler  stm32f10x_it.o
    0x08001556   0x0000001e   Code   RO         2875    i.USART_ClearITPendingBit  stm32f10x_usart.o
    0x08001574   0x00000018   Code   RO         2878    i.USART_Cmd         stm32f10x_usart.o
    0x0800158c   0x0000001a   Code   RO         2881    i.USART_GetFlagStatus  stm32f10x_usart.o
    0x080015a6   0x00000054   Code   RO         2882    i.USART_GetITStatus  stm32f10x_usart.o
    0x080015fa   0x0000004a   Code   RO         2884    i.USART_ITConfig    stm32f10x_usart.o
    0x08001644   0x000000d8   Code   RO         2885    i.USART_Init        stm32f10x_usart.o
    0x0800171c   0x0000000a   Code   RO         2892    i.USART_ReceiveData  stm32f10x_usart.o
    0x08001726   0x00000008   Code   RO         2895    i.USART_SendData    stm32f10x_usart.o
    0x0800172e   0x00000004   Code   RO         3237    i.UsageFault_Handler  stm32f10x_it.o
    0x08001732   0x0000000e   Code   RO         3588    i.__scatterload_copy  mc_w.l(handlers.o)
    0x08001740   0x00000002   Code   RO         3589    i.__scatterload_null  mc_w.l(handlers.o)
    0x08001742   0x0000000e   Code   RO         3590    i.__scatterload_zeroinit  mc_w.l(handlers.o)
    0x08001750   0x000001f8   Code   RO         3108    i.cmd_uart_check    main.o
    0x08001948   0x00000050   Code   RO         3109    i.com_send_packet_data_f1  main.o
    0x08001998   0x00000038   Code   RO         3330    i.delay_ms          bsp_led.o
    0x080019d0   0x00000036   Code   RO         3331    i.delay_us          bsp_led.o
    0x08001a06   0x00000002   PAD
    0x08001a08   0x0000002c   Code   RO         3110    i.device_state_init  main.o
    0x08001a34   0x00000110   Code   RO         3332    i.device_work_mode_check  bsp_led.o
    0x08001b44   0x000000c4   Code   RO         3111    i.fault_check       main.o
    0x08001c08   0x0000000a   Code   RO         3112    i.fault_get_bit     main.o
    0x08001c12   0x00000002   PAD
    0x08001c14   0x00000028   Code   RO         3113    i.fault_set_bit     main.o
    0x08001c3c   0x00000288   Code   RO         3114    i.main              main.o
    0x08001ec4   0x0000004c   Code   RO         3333    i.onoff_Scan        bsp_led.o
    0x08001f10   0x00000094   Code   RO         3334    i.onoff_device_set  bsp_led.o
    0x08001fa4   0x00000010   Code   RO         3335    i.pin0_Scan         bsp_led.o
    0x08001fb4   0x0000000a   Code   RO         3336    i.pin1_Scan         bsp_led.o
    0x08001fbe   0x00000002   PAD
    0x08001fc0   0x00000034   Code   RO         3337    i.pin6_Scan         bsp_led.o
    0x08001ff4   0x0000000c   Code   RO         3115    i.reset_wifi        main.o
    0x08002000   0x00000026   Code   RO         3117    i.return_device_power_state_change  main.o
    0x08002026   0x00000002   PAD
    0x08002028   0x000000ec   Code   RO         3118    i.serial_int1_receive  main.o
    0x08002114   0x0000009c   Code   RO         3119    i.serial_int1_send  main.o
    0x080021b0   0x00000038   Code   RO         3120    i.txd1_buffer_send  main.o
    0x080021e8   0x00000028   Code   RO         3121    i.uart2_init        main.o
    0x08002210   0x00000048   Code   RO         3339    i.workspeed_onoff   bsp_led.o
    0x08002258   0x0000000a   Data   RO         3341    .constdata          bsp_led.o
    0x08002262   0x00000002   PAD
    0x08002264   0x00000020   Data   RO         3586    Region$$Table       anon$$obj.o


    Execution Region RW_IRAM1 (Base: 0x20000000, Size: 0x00000570, Max: 0x0000c000, ABSOLUTE)

    Base Addr    Size         Type   Attr      Idx    E Section Name        Object

    0x20000000   0x00000014   Data   RW         1738    .data               stm32f10x_rcc.o
    0x20000014   0x00000018   Data   RW         3124    .data               main.o
    0x2000002c   0x00000008   Data   RW         3238    .data               stm32f10x_it.o
    0x20000034   0x00000023   Data   RW         3342    .data               bsp_led.o
    0x20000057   0x00000001   PAD
    0x20000058   0x000000e4   Zero   RW         3123    .bss                main.o
    0x2000013c   0x0000002f   Zero   RW         3340    .bss                bsp_led.o
    0x2000016b   0x00000005   PAD
    0x20000170   0x00000400   Zero   RW            1    STACK               startup_stm32f10x_hd.o


==============================================================================

Image component sizes


      Code (inc. data)   RO Data    RW Data    ZI Data      Debug   Object Name

       316         20          0          0          0       2224   api.o
      3976        274         10         35         47      16802   bsp_led.o
       118          0          0          0          0       1087   bsp_timbase.o
         0          0          0          0          0       4500   core_cm3.o
      2060        174          0         24        228      12008   main.o
       132         22          0          0          0       1551   misc.o
        36          8        304          0       1024        868   startup_stm32f10x_hd.o
       304          0          0          0          0       3676   stm32f10x_gpio.o
       122         12          0          8          0       5615   stm32f10x_it.o
       276         32          0         20          0       4446   stm32f10x_rcc.o
       252         42          0          0          0       4118   stm32f10x_tim.o
       472          6          0          0          0       6835   stm32f10x_usart.o
       320         28          0          0          0     250397   system_stm32f10x.o

    ----------------------------------------------------------------------
      8402        618        348         88       1304     314127   Object Totals
         0          0         32          0          0          0   (incl. Generated)
        18          0          2          1          5          0   (incl. Padding)

    ----------------------------------------------------------------------

      Code (inc. data)   RO Data    RW Data    ZI Data      Debug   Library Member Name

         0          0          0          0          0          0   entry.o
         0          0          0          0          0          0   entry10a.o
         0          0          0          0          0          0   entry11a.o
         8          4          0          0          0          0   entry2.o
         4          0          0          0          0          0   entry5.o
         0          0          0          0          0          0   entry7b.o
         0          0          0          0          0          0   entry8b.o
         8          4          0          0          0          0   entry9a.o
        30          0          0          0          0          0   handlers.o
        36          8          0          0          0         68   init.o

    ----------------------------------------------------------------------
        86         16          0          0          0         68   Library Totals
         0          0          0          0          0          0   (incl. Padding)

    ----------------------------------------------------------------------

      Code (inc. data)   RO Data    RW Data    ZI Data      Debug   Library Name

        86         16          0          0          0         68   mc_w.l

    ----------------------------------------------------------------------
        86         16          0          0          0         68   Library Totals

    ----------------------------------------------------------------------

==============================================================================


      Code (inc. data)   RO Data    RW Data    ZI Data      Debug   

      8488        634        348         88       1304     310187   Grand Totals
      8488        634        348         88       1304     310187   ELF Image Totals
      8488        634        348         88          0          0   ROM Totals

==============================================================================

    Total RO  Size (Code + RO Data)                 8836 (   8.63kB)
    Total RW  Size (RW Data + ZI Data)              1392 (   1.36kB)
    Total ROM Size (Code + RO Data + RW Data)       8924 (   8.71kB)

==============================================================================

