<html>
<body>
<pre>
<h1>礦ision Build Log</h1>
<h2>Tool Versions:</h2>
IDE-Version: μVision V5.17.0.0
Copyright (C) 2015 ARM Ltd and ARM Germany GmbH. All rights reserved.
License Information: fhd 360chongzhuang, 360chongzhuang.com, LIC=0VRKP-MSS5C-XCQJ0-B18Y5-JICFT-CW53I
 
Tool Versions:
Toolchain:       MDK-ARM Professional  Version: 5.17
Toolchain Path:  C:\Keil_v5\ARM\ARMCC\Bin
C Compiler:      Armcc.exe V5.06 update 1 (build 61)
Assembler:       Armasm.exe V5.06 update 1 (build 61)
Linker/Locator:  ArmLink.exe V5.06 update 1 (build 61)
Library Manager: ArmAr.exe V5.06 update 1 (build 61)
Hex Converter:   FromElf.exe V5.06 update 1 (build 61)
CPU DLL:         SARMCM3.DLL V5.17
Dialog DLL:      DCM.DLL V1.13.4.0
Target DLL:      Segger\JL2CM3.dll V2.99.16.0
Dialog DLL:      TCM.DLL V1.14.6.0
 
<h2>Project:</h2>
C:\debug\aclean_ct\ht1621_dispboard_code\Project\RVMDK（uv4）\iSO-STM32.uvprojx
Project File Date:  03/11/2016

<h2>Output:</h2>
*** Using Compiler 'V5.06 update 1 (build 61)', folder: 'C:\Keil_v5\ARM\ARMCC\Bin'
Build target 'TimeBase'
assembling startup_stm32f10x_hd.s...
compiling core_cm3.c...
compiling system_stm32f10x.c...
compiling misc.c...
compiling stm32f10x_adc.c...
compiling stm32f10x_bkp.c...
compiling stm32f10x_can.c...
compiling stm32f10x_cec.c...
compiling stm32f10x_crc.c...
compiling stm32f10x_dac.c...
compiling stm32f10x_dbgmcu.c...
compiling stm32f10x_dma.c...
compiling stm32f10x_exti.c...
compiling stm32f10x_flash.c...
compiling stm32f10x_fsmc.c...
compiling stm32f10x_gpio.c...
compiling stm32f10x_i2c.c...
compiling stm32f10x_iwdg.c...
compiling stm32f10x_pwr.c...
compiling stm32f10x_rcc.c...
compiling stm32f10x_rtc.c...
compiling stm32f10x_sdio.c...
compiling stm32f10x_spi.c...
compiling stm32f10x_tim.c...
compiling stm32f10x_usart.c...
compiling stm32f10x_wwdg.c...
compiling main.c...
..\..\User\main.c(188): warning:  #177-D: variable "cnt_tmp" was declared but never referenced
        static u32 cnt_tmp=0;
..\..\User\main.c(442): warning:  #177-D: variable "tmp2" was declared but never referenced
        u8 tmp2=0;
..\..\User\main.c(697): warning:  #223-D: function "device_work_mode_check" declared implicitly
                        device_work_mode_check();  //?盏??靼灏?????示????
..\..\User\main.c: 3 warnings, 0 errors
compiling stm32f10x_it.c...
..\..\User\stm32f10x_it.c(201): warning:  #223-D: function "APP_USART1_IRQHandler" declared implicitly
        APP_USART1_IRQHandler();
..\..\User\stm32f10x_it.c(213): warning:  #223-D: function "APP_USART2_IRQHandler" declared implicitly
        APP_USART2_IRQHandler();
..\..\User\stm32f10x_it.c: 2 warnings, 0 errors
compiling bsp_led.c...
..\..\User\Led\bsp_led.c(596): warning:  #223-D: function "reset_wifi" declared implicitly
           reset_wifi();
..\..\User\Led\bsp_led.c(1137): warning:  #167-D: argument of type "volatile u8 *" is incompatible with parameter of type "u8 *"
       Ht1621DisplayState(DIS_BUF,Ht1621Tab3,0,12);     //??示
..\..\User\Led\bsp_led.c(1145): warning:  #177-D: variable "tmp4" was declared but never referenced
        u8 tmp,tmp1,tmp2,tmp3,tmp4;
..\..\User\Led\bsp_led.c: 3 warnings, 0 errors
compiling bsp_TiMbase.c...
compiling api.c...
..\..\User\api.c(120): warning:  #550-D: variable "udr0Temp" was set but never used
        u8 udr0Temp = 0;   
..\..\User\api.c: 1 warning, 0 errors
linking...
Program Size: Code=8488 RO-data=348 RW-data=88 ZI-data=1304  
FromELF: creating hex file...
"..\..\Output\流水灯.axf" - 0 Error(s), 9 Warning(s).

<h2>Software Packages used:</h2>

Package Vendor: ARM
                http://www.keil.com/pack/ARM.CMSIS.4.5.0.pack
                ARM::CMSIS:CORE:4.3.0
                CMSIS (Cortex Microcontroller Software Interface Standard)
   * Component: CORE Version: 4.3.0

<h2>Collection of Component include folders:</h2>
  C:\debug\aclean_ct\ht1621_dispboard_code\Project\RVMDK（uv4）\RTE
  C:\Keil_v5\ARM\PACK\ARM\CMSIS\4.5.0\CMSIS\Include
  C:\Keil_v5\ARM\PACK\Keil\STM32F1xx_DFP\1.1.0\Device\Include

<h2>Collection of Component Files used:</h2>

   * Component: ARM::CMSIS:CORE:4.3.0
Build Time Elapsed:  00:00:19
</pre>
</body>
</html>
