<html>
<body>
<pre>
<h1>µVision Build Log</h1>
<h2>Tool Versions:</h2>
IDE-Version: ¦ÌVision V5.17.0.0
Copyright (C) 2015 ARM Ltd and ARM Germany GmbH. All rights reserved.
License Information: fhd 360chongzhuang, 360chongzhuang.com, LIC=0VRKP-MSS5C-XCQJ0-B18Y5-JICFT-CW53I
 
Tool Versions:
Toolchain:       MDK-ARM Professional  Version: 5.17
Toolchain Path:  C:\Keil_v5\ARM\ARMCC\Bin
C Compiler:      Armcc.exe V5.06 update 1 (build 61)
Assembler:       Armasm.exe V5.06 update 1 (build 61)
Linker/Locator:  ArmLink.exe V5.06 update 1 (build 61)
Library Manager: ArmAr.exe V5.06 update 1 (build 61)
Hex Converter:   FromElf.exe V5.06 update 1 (build 61)
CPU DLL:         SARMCM3.DLL V5.17
Dialog DLL:      DCM.DLL V1.13.4.0
Target DLL:      Segger\JL2CM3.dll V2.99.16.0
Dialog DLL:      TCM.DLL V1.14.6.0
 
<h2>Project:</h2>
C:\debug\aclean_ct\ht1621_dispboard_code\Project\RVMDK£¨uv4£©\iSO-STM32.uvprojx
Project File Date:  03/11/2016

<h2>Output:</h2>
*** Using Compiler 'V5.06 update 1 (build 61)', folder: 'C:\Keil_v5\ARM\ARMCC\Bin'
Build target 'TimeBase'
compiling bsp_led.c...
..\..\User\Led\bsp_led.c(597): warning:  #223-D: function "reset_wifi" declared implicitly
           reset_wifi();
..\..\User\Led\bsp_led.c(1262): warning:  #167-D: argument of type "volatile u8 *" is incompatible with parameter of type "u8 *"
       Ht1621DisplayState(DIS_BUF,Ht1621Tab3,0,12);     //??Ê¾
..\..\User\Led\bsp_led.c(1270): warning:  #177-D: variable "tmp4" was declared but never referenced
        u8 tmp,tmp1,tmp2,tmp3,tmp4;
..\..\User\Led\bsp_led.c: 3 warnings, 0 errors
linking...
Program Size: Code=8544 RO-data=348 RW-data=88 ZI-data=1328  
FromELF: creating hex file...
"..\..\Output\Á÷Ë®µÆ.axf" - 0 Error(s), 3 Warning(s).

<h2>Software Packages used:</h2>

Package Vendor: ARM
                http://www.keil.com/pack/ARM.CMSIS.4.5.0.pack
                ARM::CMSIS:CORE:4.3.0
                CMSIS (Cortex Microcontroller Software Interface Standard)
   * Component: CORE Version: 4.3.0

<h2>Collection of Component include folders:</h2>
  C:\debug\aclean_ct\ht1621_dispboard_code\Project\RVMDK£¨uv4£©\RTE
  C:\Keil_v5\ARM\PACK\ARM\CMSIS\4.5.0\CMSIS\Include
  C:\Keil_v5\ARM\PACK\Keil\STM32F1xx_DFP\1.1.0\Device\Include

<h2>Collection of Component Files used:</h2>

   * Component: ARM::CMSIS:CORE:4.3.0
Build Time Elapsed:  00:00:02
</pre>
</body>
</html>
